Archive member included to satisfy reference by file (symbol)

/usr/lib/gcc/arm-none-eabi/9.2.1/../../../arm-none-eabi/lib/thumb/v6-m/nofp/libc_nano.a(lib_a-atexit.o)
                              /usr/lib/gcc/arm-none-eabi/9.2.1/../../../arm-none-eabi/lib/thumb/v6-m/nofp/crt0.o (atexit)
/usr/lib/gcc/arm-none-eabi/9.2.1/../../../arm-none-eabi/lib/thumb/v6-m/nofp/libc_nano.a(lib_a-exit.o)
                              /usr/lib/gcc/arm-none-eabi/9.2.1/../../../arm-none-eabi/lib/thumb/v6-m/nofp/crt0.o (exit)
/usr/lib/gcc/arm-none-eabi/9.2.1/../../../arm-none-eabi/lib/thumb/v6-m/nofp/libc_nano.a(lib_a-fini.o)
                              /usr/lib/gcc/arm-none-eabi/9.2.1/../../../arm-none-eabi/lib/thumb/v6-m/nofp/crt0.o (__libc_fini_array)
/usr/lib/gcc/arm-none-eabi/9.2.1/../../../arm-none-eabi/lib/thumb/v6-m/nofp/libc_nano.a(lib_a-impure.o)
                              /usr/lib/gcc/arm-none-eabi/9.2.1/../../../arm-none-eabi/lib/thumb/v6-m/nofp/libc_nano.a(lib_a-exit.o) (_global_impure_ptr)
/usr/lib/gcc/arm-none-eabi/9.2.1/../../../arm-none-eabi/lib/thumb/v6-m/nofp/libc_nano.a(lib_a-init.o)
                              /usr/lib/gcc/arm-none-eabi/9.2.1/../../../arm-none-eabi/lib/thumb/v6-m/nofp/crt0.o (__libc_init_array)
/usr/lib/gcc/arm-none-eabi/9.2.1/../../../arm-none-eabi/lib/thumb/v6-m/nofp/libc_nano.a(lib_a-memset.o)
                              /usr/lib/gcc/arm-none-eabi/9.2.1/../../../arm-none-eabi/lib/thumb/v6-m/nofp/crt0.o (memset)
/usr/lib/gcc/arm-none-eabi/9.2.1/../../../arm-none-eabi/lib/thumb/v6-m/nofp/libc_nano.a(lib_a-__atexit.o)
                              /usr/lib/gcc/arm-none-eabi/9.2.1/../../../arm-none-eabi/lib/thumb/v6-m/nofp/libc_nano.a(lib_a-atexit.o) (__register_exitproc)
/usr/lib/gcc/arm-none-eabi/9.2.1/../../../arm-none-eabi/lib/thumb/v6-m/nofp/libc_nano.a(lib_a-__call_atexit.o)
                              /usr/lib/gcc/arm-none-eabi/9.2.1/../../../arm-none-eabi/lib/thumb/v6-m/nofp/libc_nano.a(lib_a-__atexit.o) (__call_exitprocs)
/usr/lib/gcc/arm-none-eabi/9.2.1/../../../arm-none-eabi/lib/thumb/v6-m/nofp/libnosys.a(_exit.o)
                              /usr/lib/gcc/arm-none-eabi/9.2.1/../../../arm-none-eabi/lib/thumb/v6-m/nofp/libc_nano.a(lib_a-exit.o) (_exit)
/usr/lib/gcc/arm-none-eabi/9.2.1/thumb/v6-m/nofp/libgcc.a(_udivsi3.o)
                              build/stm32g0xx_hal_rcc.o (__aeabi_uidiv)
/usr/lib/gcc/arm-none-eabi/9.2.1/thumb/v6-m/nofp/libgcc.a(_dvmd_tls.o)
                              /usr/lib/gcc/arm-none-eabi/9.2.1/thumb/v6-m/nofp/libgcc.a(_udivsi3.o) (__aeabi_idiv0)

Allocating common symbols
Common symbol       size              file

uwTick              0x4               build/stm32g0xx_hal.o

Discarded input sections

 .text          0x0000000000000000        0x0 /usr/lib/gcc/arm-none-eabi/9.2.1/thumb/v6-m/nofp/crti.o
 .data          0x0000000000000000        0x0 /usr/lib/gcc/arm-none-eabi/9.2.1/thumb/v6-m/nofp/crti.o
 .bss           0x0000000000000000        0x0 /usr/lib/gcc/arm-none-eabi/9.2.1/thumb/v6-m/nofp/crti.o
 .data          0x0000000000000000        0x4 /usr/lib/gcc/arm-none-eabi/9.2.1/thumb/v6-m/nofp/crtbegin.o
 .text          0x0000000000000000       0x74 /usr/lib/gcc/arm-none-eabi/9.2.1/../../../arm-none-eabi/lib/thumb/v6-m/nofp/crt0.o
 .data          0x0000000000000000        0x0 /usr/lib/gcc/arm-none-eabi/9.2.1/../../../arm-none-eabi/lib/thumb/v6-m/nofp/crt0.o
 .bss           0x0000000000000000        0x0 /usr/lib/gcc/arm-none-eabi/9.2.1/../../../arm-none-eabi/lib/thumb/v6-m/nofp/crt0.o
 .ARM.extab     0x0000000000000000        0x0 /usr/lib/gcc/arm-none-eabi/9.2.1/../../../arm-none-eabi/lib/thumb/v6-m/nofp/crt0.o
 .ARM.exidx     0x0000000000000000       0x10 /usr/lib/gcc/arm-none-eabi/9.2.1/../../../arm-none-eabi/lib/thumb/v6-m/nofp/crt0.o
 .debug_line    0x0000000000000000       0x8c /usr/lib/gcc/arm-none-eabi/9.2.1/../../../arm-none-eabi/lib/thumb/v6-m/nofp/crt0.o
 .debug_info    0x0000000000000000       0x26 /usr/lib/gcc/arm-none-eabi/9.2.1/../../../arm-none-eabi/lib/thumb/v6-m/nofp/crt0.o
 .debug_abbrev  0x0000000000000000       0x14 /usr/lib/gcc/arm-none-eabi/9.2.1/../../../arm-none-eabi/lib/thumb/v6-m/nofp/crt0.o
 .debug_aranges
                0x0000000000000000       0x20 /usr/lib/gcc/arm-none-eabi/9.2.1/../../../arm-none-eabi/lib/thumb/v6-m/nofp/crt0.o
 .debug_str     0x0000000000000000       0x94 /usr/lib/gcc/arm-none-eabi/9.2.1/../../../arm-none-eabi/lib/thumb/v6-m/nofp/crt0.o
 .ARM.attributes
                0x0000000000000000       0x1b /usr/lib/gcc/arm-none-eabi/9.2.1/../../../arm-none-eabi/lib/thumb/v6-m/nofp/crt0.o
 .text          0x0000000000000000        0x0 build/main.o
 .data          0x0000000000000000        0x0 build/main.o
 .bss           0x0000000000000000        0x0 build/main.o
 .text.Error_Handler
                0x0000000000000000        0x2 build/main.o
 .text          0x0000000000000000        0x0 build/stm32g0xx_it.o
 .data          0x0000000000000000        0x0 build/stm32g0xx_it.o
[...]
Memory Configuration

Name             Origin             Length             Attributes
RAM              0x0000000020000000 0x0000000000002000 xrw
FLASH            0x0000000008000000 0x0000000000008000 xr
*default*        0x0000000000000000 0xffffffffffffffff

Linker script and memory map

LOAD /usr/lib/gcc/arm-none-eabi/9.2.1/thumb/v6-m/nofp/crti.o
LOAD /usr/lib/gcc/arm-none-eabi/9.2.1/thumb/v6-m/nofp/crtbegin.o
LOAD /usr/lib/gcc/arm-none-eabi/9.2.1/../../../arm-none-eabi/lib/thumb/v6-m/nofp/crt0.o
LOAD build/main.o
LOAD build/stm32g0xx_it.o
LOAD build/stm32g0xx_hal_msp.o
LOAD build/stm32g0xx_hal_gpio.o
LOAD build/stm32g0xx_hal_tim.o
LOAD build/stm32g0xx_hal_tim_ex.o
LOAD build/stm32g0xx_hal_rcc.o
LOAD build/stm32g0xx_hal_rcc_ex.o
LOAD build/stm32g0xx_ll_rcc.o
LOAD build/stm32g0xx_hal_flash.o
LOAD build/stm32g0xx_hal_flash_ex.o
LOAD build/stm32g0xx_hal_dma.o
LOAD build/stm32g0xx_hal_dma_ex.o
LOAD build/stm32g0xx_hal_pwr.o
LOAD build/stm32g0xx_hal_pwr_ex.o
LOAD build/stm32g0xx_hal_cortex.o
LOAD build/stm32g0xx_hal.o
LOAD build/stm32g0xx_hal_exti.o
LOAD build/system_stm32g0xx.o
LOAD build/startup_stm32g030xx.o
LOAD /usr/lib/gcc/arm-none-eabi/9.2.1/../../../arm-none-eabi/lib/thumb/v6-m/nofp/libc_nano.a
LOAD /usr/lib/gcc/arm-none-eabi/9.2.1/../../../arm-none-eabi/lib/thumb/v6-m/nofp/libm.a
LOAD /usr/lib/gcc/arm-none-eabi/9.2.1/../../../arm-none-eabi/lib/thumb/v6-m/nofp/libnosys.a
START GROUP
LOAD /usr/lib/gcc/arm-none-eabi/9.2.1/thumb/v6-m/nofp/libgcc.a
LOAD /usr/lib/gcc/arm-none-eabi/9.2.1/../../../arm-none-eabi/lib/thumb/v6-m/nofp/libc_nano.a
END GROUP
START GROUP
LOAD /usr/lib/gcc/arm-none-eabi/9.2.1/thumb/v6-m/nofp/libgcc.a
LOAD /usr/lib/gcc/arm-none-eabi/9.2.1/../../../arm-none-eabi/lib/thumb/v6-m/nofp/libc_nano.a
END GROUP
LOAD /usr/lib/gcc/arm-none-eabi/9.2.1/thumb/v6-m/nofp/crtend.o
LOAD /usr/lib/gcc/arm-none-eabi/9.2.1/thumb/v6-m/nofp/crtn.o
                0x0000000020002000                _estack = 0x20002000
                0x0000000000000200                _Min_Heap_Size = 0x200
                0x0000000000000400                _Min_Stack_Size = 0x400

.isr_vector     0x0000000008000000       0xb8
                0x0000000008000000                . = ALIGN (0x4)
 *(.isr_vector)
 .isr_vector    0x0000000008000000       0xb8 build/startup_stm32g030xx.o
                0x0000000008000000                g_pfnVectors
                0x00000000080000b8                . = ALIGN (0x4)

.text           0x00000000080000b8      0xe24
                0x00000000080000b8                . = ALIGN (0x4)
 *(.text)
 .text          0x00000000080000b8       0x98 /usr/lib/gcc/arm-none-eabi/9.2.1/thumb/v6-m/nofp/crtbegin.o
 .text          0x0000000008000150       0x44 /usr/lib/gcc/arm-none-eabi/9.2.1/../../../arm-none-eabi/lib/thumb/v6-m/nofp/libc_nano.a(lib_a-init.o)
                0x0000000008000150                __libc_init_array
 .text          0x0000000008000194       0xa8 /usr/lib/gcc/arm-none-eabi/9.2.1/../../../arm-none-eabi/lib/thumb/v6-m/nofp/libc_nano.a(lib_a-memset.o)
                0x0000000008000194                memset
 .text          0x000000000800023c      0x114 /usr/lib/gcc/arm-none-eabi/9.2.1/thumb/v6-m/nofp/libgcc.a(_udivsi3.o)
                0x000000000800023c                __udivsi3
                0x000000000800023c                __aeabi_uidiv
                0x0000000008000348                __aeabi_uidivmod
 .text          0x0000000008000350        0x4 /usr/lib/gcc/arm-none-eabi/9.2.1/thumb/v6-m/nofp/libgcc.a(_dvmd_tls.o)
                0x0000000008000350                __aeabi_ldiv0
                0x0000000008000350                __aeabi_idiv0
 *(.text*)
 .text.MX_GPIO_Init
                0x0000000008000354       0x4c build/main.o
 .text.SystemClock_Config
                0x00000000080003a0       0x4e build/main.o
                0x00000000080003a0                SystemClock_Config
 .text.main     0x00000000080003ee       0x10 build/main.o
                0x00000000080003ee                main
 .text.NMI_Handler
                0x00000000080003fe        0x2 build/stm32g0xx_it.o
                0x00000000080003fe                NMI_Handler
 .text.HardFault_Handler
                0x0000000008000400        0x2 build/stm32g0xx_it.o
                0x0000000008000400                HardFault_Handler
 .text.SVC_Handler
                0x0000000008000402        0x2 build/stm32g0xx_it.o
                0x0000000008000402                SVC_Handler
 .text.PendSV_Handler
                0x0000000008000404        0x2 build/stm32g0xx_it.o
                0x0000000008000404                PendSV_Handler
 .text.SysTick_Handler
                0x0000000008000406        0x8 build/stm32g0xx_it.o
                0x0000000008000406                SysTick_Handler
 *fill*         0x000000000800040e        0x2 
 .text.HAL_MspInit
                0x0000000008000410       0x30 build/stm32g0xx_hal_msp.o
                0x0000000008000410                HAL_MspInit
 .text.HAL_GPIO_Init
                0x0000000008000440      0x194 build/stm32g0xx_hal_gpio.o
                0x0000000008000440                HAL_GPIO_Init
 .text.HAL_GPIO_WritePin
                0x00000000080005d4        0xc build/stm32g0xx_hal_gpio.o
                0x00000000080005d4                HAL_GPIO_WritePin
 .text.HAL_RCC_OscConfig
                0x00000000080005e0      0x4ac build/stm32g0xx_hal_rcc.o
                0x00000000080005e0                HAL_RCC_OscConfig
 .text.HAL_RCC_GetSysClockFreq
                0x0000000008000a8c       0xb8 build/stm32g0xx_hal_rcc.o
                0x0000000008000a8c                HAL_RCC_GetSysClockFreq
 .text.HAL_RCC_ClockConfig
                0x0000000008000b44      0x18c build/stm32g0xx_hal_rcc.o
                0x0000000008000b44                HAL_RCC_ClockConfig
 .text.HAL_PWREx_ControlVoltageScaling
                0x0000000008000cd0       0x54 build/stm32g0xx_hal_pwr_ex.o
                0x0000000008000cd0                HAL_PWREx_ControlVoltageScaling
 .text.HAL_NVIC_SetPriority
                0x0000000008000d24       0x60 build/stm32g0xx_hal_cortex.o
                0x0000000008000d24                HAL_NVIC_SetPriority
 .text.HAL_SYSTICK_Config
                0x0000000008000d84       0x38 build/stm32g0xx_hal_cortex.o
                0x0000000008000d84                HAL_SYSTICK_Config
 .text.HAL_InitTick
                0x0000000008000dbc       0x58 build/stm32g0xx_hal.o
                0x0000000008000dbc                HAL_InitTick
 .text.HAL_Init
                0x0000000008000e14       0x28 build/stm32g0xx_hal.o
                0x0000000008000e14                HAL_Init
 .text.HAL_IncTick
                0x0000000008000e3c       0x18 build/stm32g0xx_hal.o
                0x0000000008000e3c                HAL_IncTick
 .text.HAL_GetTick
                0x0000000008000e54        0xc build/stm32g0xx_hal.o
                0x0000000008000e54                HAL_GetTick
 .text.SystemInit
                0x0000000008000e60       0x10 build/system_stm32g0xx.o
                0x0000000008000e60                SystemInit
 .text.Reset_Handler
                0x0000000008000e70       0x50 build/startup_stm32g030xx.o
                0x0000000008000e70                Reset_Handler
 .text.Default_Handler
                0x0000000008000ec0        0x2 build/startup_stm32g030xx.o
                0x0000000008000ec0                TIM1_CC_IRQHandler
                0x0000000008000ec0                I2C1_IRQHandler
                0x0000000008000ec0                RTC_TAMP_IRQHandler
                0x0000000008000ec0                SPI1_IRQHandler
                0x0000000008000ec0                DMA1_Ch4_5_DMAMUX1_OVR_IRQHandler
                0x0000000008000ec0                EXTI2_3_IRQHandler
                0x0000000008000ec0                ADC1_IRQHandler
                0x0000000008000ec0                I2C2_IRQHandler
                0x0000000008000ec0                TIM17_IRQHandler
                0x0000000008000ec0                TIM16_IRQHandler
                0x0000000008000ec0                TIM3_IRQHandler
                0x0000000008000ec0                EXTI4_15_IRQHandler
                0x0000000008000ec0                RCC_IRQHandler
                0x0000000008000ec0                DMA1_Channel1_IRQHandler
                0x0000000008000ec0                Default_Handler
                0x0000000008000ec0                TIM14_IRQHandler
                0x0000000008000ec0                EXTI0_1_IRQHandler
                0x0000000008000ec0                SPI2_IRQHandler
                0x0000000008000ec0                WWDG_IRQHandler
                0x0000000008000ec0                DMA1_Channel2_3_IRQHandler
                0x0000000008000ec0                USART2_IRQHandler
                0x0000000008000ec0                FLASH_IRQHandler
                0x0000000008000ec0                USART1_IRQHandler
                0x0000000008000ec0                TIM1_BRK_UP_TRG_COM_IRQHandler
 *(.glue_7)
 .glue_7        0x0000000008000ec2        0x0 linker stubs
 *(.glue_7t)
 .glue_7t       0x0000000008000ec2        0x0 linker stubs
 *(.eh_frame)
 *fill*         0x0000000008000ec2        0x2 
 .eh_frame      0x0000000008000ec4        0x0 /usr/lib/gcc/arm-none-eabi/9.2.1/thumb/v6-m/nofp/crtbegin.o
 *(.init)
 .init          0x0000000008000ec4        0x4 /usr/lib/gcc/arm-none-eabi/9.2.1/thumb/v6-m/nofp/crti.o
                0x0000000008000ec4                _init
 .init          0x0000000008000ec8        0x8 /usr/lib/gcc/arm-none-eabi/9.2.1/thumb/v6-m/nofp/crtn.o
 *(.fini)
 .fini          0x0000000008000ed0        0x4 /usr/lib/gcc/arm-none-eabi/9.2.1/thumb/v6-m/nofp/crti.o
                0x0000000008000ed0                _fini
 .fini          0x0000000008000ed4        0x8 /usr/lib/gcc/arm-none-eabi/9.2.1/thumb/v6-m/nofp/crtn.o
                0x0000000008000edc                . = ALIGN (0x4)
                0x0000000008000edc                _etext = .

.vfp11_veneer   0x0000000008000edc        0x0
 .vfp11_veneer  0x0000000008000edc        0x0 linker stubs

.v4_bx          0x0000000008000edc        0x0
 .v4_bx         0x0000000008000edc        0x0 linker stubs

.iplt           0x0000000008000edc        0x0
 .iplt          0x0000000008000edc        0x0 /usr/lib/gcc/arm-none-eabi/9.2.1/thumb/v6-m/nofp/crtbegin.o

.rodata         0x0000000008000edc       0x40
                0x0000000008000edc                . = ALIGN (0x4)
 *(.rodata)
 *(.rodata*)
 .rodata.AHBPrescTable
                0x0000000008000edc       0x40 build/system_stm32g0xx.o
                0x0000000008000edc                AHBPrescTable
                0x0000000008000f1c                . = ALIGN (0x4)

.rel.dyn        0x0000000008000f1c        0x0
 .rel.iplt      0x0000000008000f1c        0x0 /usr/lib/gcc/arm-none-eabi/9.2.1/thumb/v6-m/nofp/crtbegin.o

.ARM.extab
 *(.ARM.extab* .gnu.linkonce.armextab.*)

.ARM            0x0000000008000f1c        0x0
                0x0000000008000f1c                __exidx_start = .
 *(.ARM.exidx*)
                0x0000000008000f1c                __exidx_end = .

.preinit_array  0x0000000008000f1c        0x0
                0x0000000008000f1c                PROVIDE (__preinit_array_start = .)
 *(.preinit_array*)
                0x0000000008000f1c                PROVIDE (__preinit_array_end = .)

.init_array     0x0000000008000f1c        0x4
                0x0000000008000f1c                PROVIDE (__init_array_start = .)
 *(SORT_BY_NAME(.init_array.*))
 *(.init_array*)
 .init_array    0x0000000008000f1c        0x4 /usr/lib/gcc/arm-none-eabi/9.2.1/thumb/v6-m/nofp/crtbegin.o
                0x0000000008000f20                PROVIDE (__init_array_end = .)

.fini_array     0x0000000008000f20        0x4
                0x0000000008000f20                PROVIDE (__fini_array_start = .)
 *(SORT_BY_NAME(.fini_array.*))
 *(.fini_array*)
 .fini_array    0x0000000008000f20        0x4 /usr/lib/gcc/arm-none-eabi/9.2.1/thumb/v6-m/nofp/crtbegin.o
                0x0000000008000f24                PROVIDE (__fini_array_end = .)
                0x0000000008000f24                _sidata = LOADADDR (.data)

.data           0x0000000020000000        0xc load address 0x0000000008000f24
                0x0000000020000000                . = ALIGN (0x4)
                0x0000000020000000                _sdata = .
 *(.data)
 *(.data*)
 .data.uwTickFreq
                0x0000000020000000        0x4 build/stm32g0xx_hal.o
                0x0000000020000000                uwTickFreq
 .data.uwTickPrio
                0x0000000020000004        0x4 build/stm32g0xx_hal.o
                0x0000000020000004                uwTickPrio
 .data.SystemCoreClock
                0x0000000020000008        0x4 build/system_stm32g0xx.o
                0x0000000020000008                SystemCoreClock
                0x000000002000000c                . = ALIGN (0x4)
                0x000000002000000c                _edata = .

.tm_clone_table
                0x000000002000000c        0x0 load address 0x0000000008000f30
 .tm_clone_table
                0x000000002000000c        0x0 /usr/lib/gcc/arm-none-eabi/9.2.1/thumb/v6-m/nofp/crtbegin.o
 .tm_clone_table
                0x000000002000000c        0x0 /usr/lib/gcc/arm-none-eabi/9.2.1/thumb/v6-m/nofp/crtend.o

.igot.plt       0x000000002000000c        0x0 load address 0x0000000008000f30
 .igot.plt      0x000000002000000c        0x0 /usr/lib/gcc/arm-none-eabi/9.2.1/thumb/v6-m/nofp/crtbegin.o
                0x000000002000000c                . = ALIGN (0x4)

.bss            0x000000002000000c       0x20 load address 0x0000000008000f30
                0x000000002000000c                _sbss = .
                0x000000002000000c                __bss_start__ = _sbss
 *(.bss)
 .bss           0x000000002000000c       0x1c /usr/lib/gcc/arm-none-eabi/9.2.1/thumb/v6-m/nofp/crtbegin.o
 *(.bss*)
 *(COMMON)
 COMMON         0x0000000020000028        0x4 build/stm32g0xx_hal.o
                0x0000000020000028                uwTick
                0x000000002000002c                . = ALIGN (0x4)
                0x000000002000002c                _ebss = .
                0x000000002000002c                __bss_end__ = _ebss

._user_heap_stack
                0x000000002000002c      0x604 load address 0x0000000008000f30
                0x0000000020000030                . = ALIGN (0x8)
 *fill*         0x000000002000002c        0x4 
                [!provide]                        PROVIDE (end = .)
                [!provide]                        PROVIDE (_end = .)
                0x0000000020000230                . = (. + _Min_Heap_Size)
 *fill*         0x0000000020000030      0x200 
                0x0000000020000630                . = (. + _Min_Stack_Size)
 *fill*         0x0000000020000230      0x400 
                0x0000000020000630                . = ALIGN (0x8)

/DISCARD/
 libc.a(*)
 libm.a(*)
 libgcc.a(*)

.ARM.attributes
                0x0000000000000000       0x28
 *(.ARM.attributes)
 .ARM.attributes
                0x0000000000000000       0x1e /usr/lib/gcc/arm-none-eabi/9.2.1/thumb/v6-m/nofp/crti.o
 .ARM.attributes
                0x000000000000001e       0x2c /usr/lib/gcc/arm-none-eabi/9.2.1/thumb/v6-m/nofp/crtbegin.o
 .ARM.attributes
                0x000000000000004a       0x2c build/main.o
 .ARM.attributes
                0x0000000000000076       0x2c build/stm32g0xx_it.o
 .ARM.attributes
                0x00000000000000a2       0x2c build/stm32g0xx_hal_msp.o
 .ARM.attributes
                0x00000000000000ce       0x2c build/stm32g0xx_hal_gpio.o
 .ARM.attributes
                0x00000000000000fa       0x2c build/stm32g0xx_hal_rcc.o
 .ARM.attributes
                0x0000000000000126       0x2c build/stm32g0xx_hal_pwr_ex.o
 .ARM.attributes
                0x0000000000000152       0x2c build/stm32g0xx_hal_cortex.o
 .ARM.attributes
                0x000000000000017e       0x2c build/stm32g0xx_hal.o
 .ARM.attributes
                0x00000000000001aa       0x2c build/system_stm32g0xx.o
 .ARM.attributes
                0x00000000000001d6       0x21 build/startup_stm32g030xx.o
 .ARM.attributes
                0x00000000000001f7       0x2c /usr/lib/gcc/arm-none-eabi/9.2.1/../../../arm-none-eabi/lib/thumb/v6-m/nofp/libc_nano.a(lib_a-init.o)
 .ARM.attributes
                0x0000000000000223       0x2c /usr/lib/gcc/arm-none-eabi/9.2.1/../../../arm-none-eabi/lib/thumb/v6-m/nofp/libc_nano.a(lib_a-memset.o)
 .ARM.attributes
                0x000000000000024f       0x1e /usr/lib/gcc/arm-none-eabi/9.2.1/thumb/v6-m/nofp/libgcc.a(_udivsi3.o)
 .ARM.attributes
                0x000000000000026d       0x1e /usr/lib/gcc/arm-none-eabi/9.2.1/thumb/v6-m/nofp/libgcc.a(_dvmd_tls.o)
 .ARM.attributes
                0x000000000000028b       0x2c /usr/lib/gcc/arm-none-eabi/9.2.1/thumb/v6-m/nofp/crtend.o
 .ARM.attributes
                0x00000000000002b7       0x1e /usr/lib/gcc/arm-none-eabi/9.2.1/thumb/v6-m/nofp/crtn.o
OUTPUT(build/business-card-v3-code.elf elf32-littlearm)
LOAD linker stubs
LOAD /usr/lib/gcc/arm-none-eabi/9.2.1/../../../arm-none-eabi/lib/thumb/v6-m/nofp/libc.a
LOAD /usr/lib/gcc/arm-none-eabi/9.2.1/../../../arm-none-eabi/lib/thumb/v6-m/nofp/libm.a
LOAD /usr/lib/gcc/arm-none-eabi/9.2.1/thumb/v6-m/nofp/libgcc.a

.comment        0x0000000000000000       0xa7
 .comment       0x0000000000000000       0x59 /usr/lib/gcc/arm-none-eabi/9.2.1/thumb/v6-m/nofp/crtbegin.o
                                         0x5a (size before relaxing)
 .comment       0x0000000000000059       0x5a build/main.o
 .comment       0x0000000000000059       0x5a build/stm32g0xx_it.o
 .comment       0x0000000000000059       0x5a build/stm32g0xx_hal_msp.o
 .comment       0x0000000000000059       0x5a build/stm32g0xx_hal_gpio.o
 .comment       0x0000000000000059       0x5a build/stm32g0xx_hal_rcc.o
 .comment       0x0000000000000059       0x5a build/stm32g0xx_hal_pwr_ex.o
 .comment       0x0000000000000059       0x5a build/stm32g0xx_hal_cortex.o
 .comment       0x0000000000000059       0x5a build/stm32g0xx_hal.o
 .comment       0x0000000000000059       0x5a build/system_stm32g0xx.o
 .comment       0x0000000000000059       0x4e /usr/lib/gcc/arm-none-eabi/9.2.1/../../../arm-none-eabi/lib/thumb/v6-m/nofp/libc_nano.a(lib_a-init.o)
                                         0x4f (size before relaxing)
 .comment       0x00000000000000a7       0x4f /usr/lib/gcc/arm-none-eabi/9.2.1/../../../arm-none-eabi/lib/thumb/v6-m/nofp/libc_nano.a(lib_a-memset.o)
 .comment       0x00000000000000a7       0x5a /usr/lib/gcc/arm-none-eabi/9.2.1/thumb/v6-m/nofp/crtend.o

.debug_info     0x0000000000000000     0x564a
 .debug_info    0x0000000000000000      0x831 build/main.o
 .debug_info    0x0000000000000831      0x240 build/stm32g0xx_it.o
 .debug_info    0x0000000000000a71      0x3a9 build/stm32g0xx_hal_msp.o
 .debug_info    0x0000000000000e1a      0x746 build/stm32g0xx_hal_gpio.o
 .debug_info    0x0000000000001560      0xe3f build/stm32g0xx_hal_rcc.o
 .debug_info    0x000000000000239f      0x66b build/stm32g0xx_hal_pwr_ex.o
 .debug_info    0x0000000000002a0a      0xbac build/stm32g0xx_hal_cortex.o
 .debug_info    0x00000000000035b6      0xafa build/stm32g0xx_hal.o
 .debug_info    0x00000000000040b0      0x4f1 build/system_stm32g0xx.o
 .debug_info    0x00000000000045a1       0x22 build/startup_stm32g030xx.o
 .debug_info    0x00000000000045c3      0x11a /usr/lib/gcc/arm-none-eabi/9.2.1/../../../arm-none-eabi/lib/thumb/v6-m/nofp/libc_nano.a(lib_a-init.o)
 .debug_info    0x00000000000046dd      0xf21 /usr/lib/gcc/arm-none-eabi/9.2.1/../../../arm-none-eabi/lib/thumb/v6-m/nofp/libc_nano.a(lib_a-memset.o)
 .debug_info    0x00000000000055fe       0x26 /usr/lib/gcc/arm-none-eabi/9.2.1/thumb/v6-m/nofp/libgcc.a(_udivsi3.o)
 .debug_info    0x0000000000005624       0x26 /usr/lib/gcc/arm-none-eabi/9.2.1/thumb/v6-m/nofp/libgcc.a(_dvmd_tls.o)

.debug_abbrev   0x0000000000000000     0x1574
 .debug_abbrev  0x0000000000000000      0x201 build/main.o
 .debug_abbrev  0x0000000000000201      0x112 build/stm32g0xx_it.o
 .debug_abbrev  0x0000000000000313      0x13c build/stm32g0xx_hal_msp.o
 .debug_abbrev  0x000000000000044f      0x24e build/stm32g0xx_hal_gpio.o
 .debug_abbrev  0x000000000000069d      0x2b9 build/stm32g0xx_hal_rcc.o
 .debug_abbrev  0x0000000000000956      0x23e build/stm32g0xx_hal_pwr_ex.o
 .debug_abbrev  0x0000000000000b94      0x2dc build/stm32g0xx_hal_cortex.o
 .debug_abbrev  0x0000000000000e70      0x2bb build/stm32g0xx_hal.o
 .debug_abbrev  0x000000000000112b      0x16a build/system_stm32g0xx.o
 .debug_abbrev  0x0000000000001295       0x12 build/startup_stm32g030xx.o
 .debug_abbrev  0x00000000000012a7       0xcc /usr/lib/gcc/arm-none-eabi/9.2.1/../../../arm-none-eabi/lib/thumb/v6-m/nofp/libc_nano.a(lib_a-init.o)
 .debug_abbrev  0x0000000000001373      0x1d9 /usr/lib/gcc/arm-none-eabi/9.2.1/../../../arm-none-eabi/lib/thumb/v6-m/nofp/libc_nano.a(lib_a-memset.o)
 .debug_abbrev  0x000000000000154c       0x14 /usr/lib/gcc/arm-none-eabi/9.2.1/thumb/v6-m/nofp/libgcc.a(_udivsi3.o)
 .debug_abbrev  0x0000000000001560       0x14 /usr/lib/gcc/arm-none-eabi/9.2.1/thumb/v6-m/nofp/libgcc.a(_dvmd_tls.o)

.debug_loc      0x0000000000000000     0x1ae1
 .debug_loc     0x0000000000000000       0x79 build/main.o
 .debug_loc     0x0000000000000079       0x20 build/stm32g0xx_it.o
 .debug_loc     0x0000000000000099       0x20 build/stm32g0xx_hal_msp.o
 .debug_loc     0x00000000000000b9      0x439 build/stm32g0xx_hal_gpio.o
 .debug_loc     0x00000000000004f2      0x7b6 build/stm32g0xx_hal_rcc.o
 .debug_loc     0x0000000000000ca8      0x320 build/stm32g0xx_hal_pwr_ex.o
 .debug_loc     0x0000000000000fc8      0x498 build/stm32g0xx_hal_cortex.o
 .debug_loc     0x0000000000001460      0x241 build/stm32g0xx_hal.o
 .debug_loc     0x00000000000016a1       0xc9 build/system_stm32g0xx.o
 .debug_loc     0x000000000000176a       0x98 /usr/lib/gcc/arm-none-eabi/9.2.1/../../../arm-none-eabi/lib/thumb/v6-m/nofp/libc_nano.a(lib_a-init.o)
 .debug_loc     0x0000000000001802      0x2df /usr/lib/gcc/arm-none-eabi/9.2.1/../../../arm-none-eabi/lib/thumb/v6-m/nofp/libc_nano.a(lib_a-memset.o)

.debug_aranges  0x0000000000000000      0x480
 .debug_aranges
                0x0000000000000000       0x38 build/main.o
 .debug_aranges
                0x0000000000000038       0x40 build/stm32g0xx_it.o
 .debug_aranges
                0x0000000000000078       0x20 build/stm32g0xx_hal_msp.o
 .debug_aranges
                0x0000000000000098       0x60 build/stm32g0xx_hal_gpio.o
 .debug_aranges
                0x00000000000000f8       0x90 build/stm32g0xx_hal_rcc.o
 .debug_aranges
                0x0000000000000188       0x98 build/stm32g0xx_hal_pwr_ex.o
 .debug_aranges
                0x0000000000000220       0x90 build/stm32g0xx_hal_cortex.o
 .debug_aranges
                0x00000000000002b0      0x100 build/stm32g0xx_hal.o
 .debug_aranges
                0x00000000000003b0       0x28 build/system_stm32g0xx.o
 .debug_aranges
                0x00000000000003d8       0x28 build/startup_stm32g030xx.o
 .debug_aranges
                0x0000000000000400       0x20 /usr/lib/gcc/arm-none-eabi/9.2.1/../../../arm-none-eabi/lib/thumb/v6-m/nofp/libc_nano.a(lib_a-init.o)
 .debug_aranges
                0x0000000000000420       0x20 /usr/lib/gcc/arm-none-eabi/9.2.1/../../../arm-none-eabi/lib/thumb/v6-m/nofp/libc_nano.a(lib_a-memset.o)
 .debug_aranges
                0x0000000000000440       0x20 /usr/lib/gcc/arm-none-eabi/9.2.1/thumb/v6-m/nofp/libgcc.a(_udivsi3.o)
 .debug_aranges
                0x0000000000000460       0x20 /usr/lib/gcc/arm-none-eabi/9.2.1/thumb/v6-m/nofp/libgcc.a(_dvmd_tls.o)

.debug_ranges   0x0000000000000000      0x3e8
 .debug_ranges  0x0000000000000000       0x28 build/main.o
 .debug_ranges  0x0000000000000028       0x30 build/stm32g0xx_it.o
 .debug_ranges  0x0000000000000058       0x10 build/stm32g0xx_hal_msp.o
 .debug_ranges  0x0000000000000068       0x50 build/stm32g0xx_hal_gpio.o
 .debug_ranges  0x00000000000000b8       0xa0 build/stm32g0xx_hal_rcc.o
 .debug_ranges  0x0000000000000158       0x88 build/stm32g0xx_hal_pwr_ex.o
 .debug_ranges  0x00000000000001e0       0xe0 build/stm32g0xx_hal_cortex.o
 .debug_ranges  0x00000000000002c0       0xf0 build/stm32g0xx_hal.o
 .debug_ranges  0x00000000000003b0       0x18 build/system_stm32g0xx.o
 .debug_ranges  0x00000000000003c8       0x20 build/startup_stm32g030xx.o

.debug_line     0x0000000000000000     0x2f5d
 .debug_line    0x0000000000000000      0x26c build/main.o
 .debug_line    0x000000000000026c      0x183 build/stm32g0xx_it.o
 .debug_line    0x00000000000003ef      0x146 build/stm32g0xx_hal_msp.o
 .debug_line    0x0000000000000535      0x637 build/stm32g0xx_hal_gpio.o
 .debug_line    0x0000000000000b6c      0xc99 build/stm32g0xx_hal_rcc.o
 .debug_line    0x0000000000001805      0x4dd build/stm32g0xx_hal_pwr_ex.o
 .debug_line    0x0000000000001ce2      0x62a build/stm32g0xx_hal_cortex.o
 .debug_line    0x000000000000230c      0x543 build/stm32g0xx_hal.o
 .debug_line    0x000000000000284f      0x24e build/system_stm32g0xx.o
 .debug_line    0x0000000000002a9d       0x77 build/startup_stm32g030xx.o
 .debug_line    0x0000000000002b14       0xfc /usr/lib/gcc/arm-none-eabi/9.2.1/../../../arm-none-eabi/lib/thumb/v6-m/nofp/libc_nano.a(lib_a-init.o)
 .debug_line    0x0000000000002c10      0x281 /usr/lib/gcc/arm-none-eabi/9.2.1/../../../arm-none-eabi/lib/thumb/v6-m/nofp/libc_nano.a(lib_a-memset.o)
 .debug_line    0x0000000000002e91       0x6c /usr/lib/gcc/arm-none-eabi/9.2.1/thumb/v6-m/nofp/libgcc.a(_udivsi3.o)
 .debug_line    0x0000000000002efd       0x60 /usr/lib/gcc/arm-none-eabi/9.2.1/thumb/v6-m/nofp/libgcc.a(_dvmd_tls.o)

.debug_str      0x0000000000000000     0x1d46
 .debug_str     0x0000000000000000      0x54e build/main.o
                                        0x59b (size before relaxing)
 .debug_str     0x000000000000054e       0x68 build/stm32g0xx_it.o
                                        0x2bc (size before relaxing)
 .debug_str     0x00000000000005b6       0x24 build/stm32g0xx_hal_msp.o
                                        0x33c (size before relaxing)
 .debug_str     0x00000000000005da      0x171 build/stm32g0xx_hal_gpio.o
                                        0x4b4 (size before relaxing)
 .debug_str     0x000000000000074b      0x29d build/stm32g0xx_hal_rcc.o
                                        0x7c5 (size before relaxing)
 .debug_str     0x00000000000009e8      0x253 build/stm32g0xx_hal_pwr_ex.o
                                        0x58c (size before relaxing)
 .debug_str     0x0000000000000c3b      0x507 build/stm32g0xx_hal_cortex.o
                                        0x7ba (size before relaxing)
 .debug_str     0x0000000000001142      0x29b build/stm32g0xx_hal.o
                                        0x83e (size before relaxing)
 .debug_str     0x00000000000013dd       0x38 build/system_stm32g0xx.o
                                        0x390 (size before relaxing)
 .debug_str     0x0000000000001415       0x22 build/startup_stm32g030xx.o
                                         0x5e (size before relaxing)
 .debug_str     0x0000000000001437      0x187 /usr/lib/gcc/arm-none-eabi/9.2.1/../../../arm-none-eabi/lib/thumb/v6-m/nofp/libc_nano.a(lib_a-init.o)
                                        0x222 (size before relaxing)
 .debug_str     0x00000000000015be      0x6f1 /usr/lib/gcc/arm-none-eabi/9.2.1/../../../arm-none-eabi/lib/thumb/v6-m/nofp/libc_nano.a(lib_a-memset.o)
                                        0x908 (size before relaxing)
 .debug_str     0x0000000000001caf       0x97 /usr/lib/gcc/arm-none-eabi/9.2.1/thumb/v6-m/nofp/libgcc.a(_udivsi3.o)
                                         0xa3 (size before relaxing)
 .debug_str     0x0000000000001d46       0xa3 /usr/lib/gcc/arm-none-eabi/9.2.1/thumb/v6-m/nofp/libgcc.a(_dvmd_tls.o)

.debug_frame    0x0000000000000000      0x824
 .debug_frame   0x0000000000000000       0x70 build/main.o
 .debug_frame   0x0000000000000070       0x68 build/stm32g0xx_it.o
 .debug_frame   0x00000000000000d8       0x24 build/stm32g0xx_hal_msp.o
 .debug_frame   0x00000000000000fc       0xd8 build/stm32g0xx_hal_gpio.o
 .debug_frame   0x00000000000001d4      0x15c build/stm32g0xx_hal_rcc.o
 .debug_frame   0x0000000000000330      0x120 build/stm32g0xx_hal_pwr_ex.o
 .debug_frame   0x0000000000000450      0x114 build/stm32g0xx_hal_cortex.o
 .debug_frame   0x0000000000000564      0x20c build/stm32g0xx_hal.o
 .debug_frame   0x0000000000000770       0x38 build/system_stm32g0xx.o
 .debug_frame   0x00000000000007a8       0x2c /usr/lib/gcc/arm-none-eabi/9.2.1/../../../arm-none-eabi/lib/thumb/v6-m/nofp/libc_nano.a(lib_a-init.o)
 .debug_frame   0x00000000000007d4       0x30 /usr/lib/gcc/arm-none-eabi/9.2.1/../../../arm-none-eabi/lib/thumb/v6-m/nofp/libc_nano.a(lib_a-memset.o)
 .debug_frame   0x0000000000000804       0x20 /usr/lib/gcc/arm-none-eabi/9.2.1/thumb/v6-m/nofp/libgcc.a(_udivsi3.o)

Cross Reference Table

Symbol                                            File
ADC1_IRQHandler                                   build/startup_stm32g030xx.o
AHBPrescTable                                     build/system_stm32g0xx.o
                                                  build/stm32g0xx_hal_rcc.o
APBPrescTable                                     build/system_stm32g0xx.o
                                                  build/stm32g0xx_hal_rcc.o
DMA1_Ch4_5_DMAMUX1_OVR_IRQHandler                 build/startup_stm32g030xx.o
DMA1_Channel1_IRQHandler                          build/startup_stm32g030xx.o
DMA1_Channel2_3_IRQHandler                        build/startup_stm32g030xx.o
Default_Handler                                   build/startup_stm32g030xx.o
EXTI0_1_IRQHandler                                build/startup_stm32g030xx.o
EXTI2_3_IRQHandler                                build/startup_stm32g030xx.o
EXTI4_15_IRQHandler                               build/startup_stm32g030xx.o
Error_Handler                                     build/main.o
FLASH_FlushCaches                                 build/stm32g0xx_hal_flash_ex.o
FLASH_IRQHandler                                  build/startup_stm32g030xx.o
FLASH_PageErase                                   build/stm32g0xx_hal_flash_ex.o
                                                  build/stm32g0xx_hal_flash.o
FLASH_WaitForLastOperation                        build/stm32g0xx_hal_flash.o
                                                  build/stm32g0xx_hal_flash_ex.o
HAL_DBGMCU_DisableDBGStandbyMode                  build/stm32g0xx_hal.o
HAL_DBGMCU_DisableDBGStopMode                     build/stm32g0xx_hal.o
HAL_DBGMCU_EnableDBGStandbyMode                   build/stm32g0xx_hal.o
HAL_DBGMCU_EnableDBGStopMode                      build/stm32g0xx_hal.o
HAL_DMAEx_ConfigMuxRequestGenerator               build/stm32g0xx_hal_dma_ex.o
HAL_DMAEx_ConfigMuxSync                           build/stm32g0xx_hal_dma_ex.o
HAL_DMAEx_DisableMuxRequestGenerator              build/stm32g0xx_hal_dma_ex.o
HAL_DMAEx_EnableMuxRequestGenerator               build/stm32g0xx_hal_dma_ex.o
HAL_DMAEx_MUX_IRQHandler                          build/stm32g0xx_hal_dma_ex.o
HAL_DMA_Abort                                     build/stm32g0xx_hal_dma.o
HAL_DMA_Abort_IT                                  build/stm32g0xx_hal_dma.o
HAL_DMA_DeInit                                    build/stm32g0xx_hal_dma.o
HAL_DMA_GetError                                  build/stm32g0xx_hal_dma.o
HAL_DMA_GetState                                  build/stm32g0xx_hal_dma.o
HAL_DMA_IRQHandler                                build/stm32g0xx_hal_dma.o
HAL_DMA_Init                                      build/stm32g0xx_hal_dma.o
HAL_DMA_PollForTransfer                           build/stm32g0xx_hal_dma.o
HAL_DMA_RegisterCallback                          build/stm32g0xx_hal_dma.o
HAL_DMA_Start                                     build/stm32g0xx_hal_dma.o
HAL_DMA_Start_IT                                  build/stm32g0xx_hal_dma.o
HAL_DMA_UnRegisterCallback                        build/stm32g0xx_hal_dma.o
HAL_DeInit                                        build/stm32g0xx_hal.o
HAL_Delay                                         build/stm32g0xx_hal.o
HAL_EXTI_ClearConfigLine                          build/stm32g0xx_hal_exti.o
HAL_EXTI_ClearPending                             build/stm32g0xx_hal_exti.o
HAL_EXTI_GenerateSWI                              build/stm32g0xx_hal_exti.o
HAL_EXTI_GetConfigLine                            build/stm32g0xx_hal_exti.o
HAL_EXTI_GetHandle                                build/stm32g0xx_hal_exti.o
HAL_EXTI_GetPending                               build/stm32g0xx_hal_exti.o
HAL_EXTI_IRQHandler                               build/stm32g0xx_hal_exti.o
HAL_EXTI_RegisterCallback                         build/stm32g0xx_hal_exti.o
HAL_EXTI_SetConfigLine                            build/stm32g0xx_hal_exti.o
HAL_FLASHEx_Erase                                 build/stm32g0xx_hal_flash_ex.o
HAL_FLASHEx_Erase_IT                              build/stm32g0xx_hal_flash_ex.o
HAL_FLASHEx_FlashEmptyCheck                       build/stm32g0xx_hal_flash_ex.o
HAL_FLASHEx_ForceFlashEmpty                       build/stm32g0xx_hal_flash_ex.o
HAL_FLASHEx_OBGetConfig                           build/stm32g0xx_hal_flash_ex.o
HAL_FLASHEx_OBProgram                             build/stm32g0xx_hal_flash_ex.o
HAL_FLASH_EndOfOperationCallback                  build/stm32g0xx_hal_flash.o
HAL_FLASH_GetError                                build/stm32g0xx_hal_flash.o
HAL_FLASH_IRQHandler                              build/stm32g0xx_hal_flash.o
HAL_FLASH_Lock                                    build/stm32g0xx_hal_flash.o
HAL_FLASH_OB_Launch                               build/stm32g0xx_hal_flash.o
HAL_FLASH_OB_Lock                                 build/stm32g0xx_hal_flash.o
HAL_FLASH_OB_Unlock                               build/stm32g0xx_hal_flash.o
HAL_FLASH_OperationErrorCallback                  build/stm32g0xx_hal_flash.o
HAL_FLASH_Program                                 build/stm32g0xx_hal_flash.o
HAL_FLASH_Program_IT                              build/stm32g0xx_hal_flash.o
HAL_FLASH_Unlock                                  build/stm32g0xx_hal_flash.o
HAL_GPIO_DeInit                                   build/stm32g0xx_hal_gpio.o
HAL_GPIO_EXTI_Falling_Callback                    build/stm32g0xx_hal_gpio.o
HAL_GPIO_EXTI_IRQHandler                          build/stm32g0xx_hal_gpio.o
HAL_GPIO_EXTI_Rising_Callback                     build/stm32g0xx_hal_gpio.o
HAL_GPIO_Init                                     build/stm32g0xx_hal_gpio.o
                                                  build/stm32g0xx_hal_rcc_ex.o
                                                  build/stm32g0xx_hal_rcc.o
                                                  build/main.o
HAL_GPIO_LockPin                                  build/stm32g0xx_hal_gpio.o
HAL_GPIO_ReadPin                                  build/stm32g0xx_hal_gpio.o
HAL_GPIO_TogglePin                                build/stm32g0xx_hal_gpio.o
HAL_GPIO_WritePin                                 build/stm32g0xx_hal_gpio.o
                                                  build/main.o
HAL_GetDEVID                                      build/stm32g0xx_hal.o
HAL_GetHalVersion                                 build/stm32g0xx_hal.o
HAL_GetREVID                                      build/stm32g0xx_hal.o
HAL_GetTick                                       build/stm32g0xx_hal.o
                                                  build/stm32g0xx_hal_dma.o
                                                  build/stm32g0xx_hal_flash.o
                                                  build/stm32g0xx_hal_rcc_ex.o
                                                  build/stm32g0xx_hal_rcc.o
HAL_GetTickFreq                                   build/stm32g0xx_hal.o
HAL_GetTickPrio                                   build/stm32g0xx_hal.o
HAL_GetUIDw0                                      build/stm32g0xx_hal.o
HAL_GetUIDw1                                      build/stm32g0xx_hal.o
HAL_GetUIDw2                                      build/stm32g0xx_hal.o
HAL_IncTick                                       build/stm32g0xx_hal.o
                                                  build/stm32g0xx_it.o
HAL_Init                                          build/stm32g0xx_hal.o
                                                  build/main.o
HAL_InitTick                                      build/stm32g0xx_hal.o
                                                  build/stm32g0xx_hal_rcc.o
HAL_MPU_ConfigRegion                              build/stm32g0xx_hal_cortex.o
HAL_MPU_Disable                                   build/stm32g0xx_hal_cortex.o
HAL_MPU_Enable                                    build/stm32g0xx_hal_cortex.o
HAL_MspDeInit                                     build/stm32g0xx_hal.o
HAL_MspInit                                       build/stm32g0xx_hal_msp.o
HAL_NVIC_ClearPendingIRQ                          build/stm32g0xx_hal_cortex.o
HAL_NVIC_DisableIRQ                               build/stm32g0xx_hal_cortex.o
HAL_NVIC_EnableIRQ                                build/stm32g0xx_hal_cortex.o
HAL_NVIC_GetPendingIRQ                            build/stm32g0xx_hal_cortex.o
HAL_NVIC_GetPriority                              build/stm32g0xx_hal_cortex.o
HAL_NVIC_SetPendingIRQ                            build/stm32g0xx_hal_cortex.o
HAL_NVIC_SetPriority                              build/stm32g0xx_hal_cortex.o
                                                  build/stm32g0xx_hal.o
HAL_NVIC_SystemReset                              build/stm32g0xx_hal_cortex.o
HAL_PWREx_ControlVoltageScaling                   build/stm32g0xx_hal_pwr_ex.o
                                                  build/main.o
HAL_PWREx_DisableBatteryCharging                  build/stm32g0xx_hal_pwr_ex.o
HAL_PWREx_DisableFlashPowerDown                   build/stm32g0xx_hal_pwr_ex.o
HAL_PWREx_DisableGPIOPullDown                     build/stm32g0xx_hal_pwr_ex.o
HAL_PWREx_DisableGPIOPullUp                       build/stm32g0xx_hal_pwr_ex.o
HAL_PWREx_DisableInternalWakeUpLine               build/stm32g0xx_hal_pwr_ex.o
HAL_PWREx_DisableLowPowerRunMode                  build/stm32g0xx_hal_pwr_ex.o
                                                  build/stm32g0xx_hal_pwr.o
HAL_PWREx_DisablePullUpPullDownConfig             build/stm32g0xx_hal_pwr_ex.o
HAL_PWREx_EnableBatteryCharging                   build/stm32g0xx_hal_pwr_ex.o
HAL_PWREx_EnableFlashPowerDown                    build/stm32g0xx_hal_pwr_ex.o
HAL_PWREx_EnableGPIOPullDown                      build/stm32g0xx_hal_pwr_ex.o
HAL_PWREx_EnableGPIOPullUp                        build/stm32g0xx_hal_pwr_ex.o
HAL_PWREx_EnableInternalWakeUpLine                build/stm32g0xx_hal_pwr_ex.o
HAL_PWREx_EnableLowPowerRunMode                   build/stm32g0xx_hal_pwr_ex.o
                                                  build/stm32g0xx_hal_pwr.o
HAL_PWREx_EnablePullUpPullDownConfig              build/stm32g0xx_hal_pwr_ex.o
HAL_PWREx_GetVoltageRange                         build/stm32g0xx_hal_pwr_ex.o
HAL_PWR_DeInit                                    build/stm32g0xx_hal_pwr.o
HAL_PWR_DisableBkUpAccess                         build/stm32g0xx_hal_pwr.o
                                                  build/stm32g0xx_hal_rcc_ex.o
HAL_PWR_DisableSEVOnPend                          build/stm32g0xx_hal_pwr.o
HAL_PWR_DisableSleepOnExit                        build/stm32g0xx_hal_pwr.o
HAL_PWR_DisableWakeUpPin                          build/stm32g0xx_hal_pwr.o
HAL_PWR_EnableBkUpAccess                          build/stm32g0xx_hal_pwr.o
                                                  build/stm32g0xx_hal_rcc_ex.o
HAL_PWR_EnableSEVOnPend                           build/stm32g0xx_hal_pwr.o
HAL_PWR_EnableSleepOnExit                         build/stm32g0xx_hal_pwr.o
HAL_PWR_EnableWakeUpPin                           build/stm32g0xx_hal_pwr.o
HAL_PWR_EnterSLEEPMode                            build/stm32g0xx_hal_pwr.o
HAL_PWR_EnterSTANDBYMode                          build/stm32g0xx_hal_pwr.o
HAL_PWR_EnterSTOPMode                             build/stm32g0xx_hal_pwr.o
HAL_RCCEx_DisableLSCO                             build/stm32g0xx_hal_rcc_ex.o
HAL_RCCEx_EnableLSCO                              build/stm32g0xx_hal_rcc_ex.o
HAL_RCCEx_GetPeriphCLKConfig                      build/stm32g0xx_hal_rcc_ex.o
HAL_RCCEx_GetPeriphCLKFreq                        build/stm32g0xx_hal_rcc_ex.o
HAL_RCCEx_PeriphCLKConfig                         build/stm32g0xx_hal_rcc_ex.o
HAL_RCC_CSSCallback                               build/stm32g0xx_hal_rcc.o
HAL_RCC_ClockConfig                               build/stm32g0xx_hal_rcc.o
                                                  build/main.o
HAL_RCC_DeInit                                    build/stm32g0xx_hal_rcc.o
HAL_RCC_DisableLSECSS                             build/stm32g0xx_hal_rcc.o
HAL_RCC_EnableCSS                                 build/stm32g0xx_hal_rcc.o
HAL_RCC_EnableLSECSS                              build/stm32g0xx_hal_rcc.o
HAL_RCC_GetClockConfig                            build/stm32g0xx_hal_rcc.o
HAL_RCC_GetHCLKFreq                               build/stm32g0xx_hal_rcc.o
HAL_RCC_GetOscConfig                              build/stm32g0xx_hal_rcc.o
HAL_RCC_GetPCLK1Freq                              build/stm32g0xx_hal_rcc.o
                                                  build/stm32g0xx_hal_rcc_ex.o
HAL_RCC_GetSysClockFreq                           build/stm32g0xx_hal_rcc.o
                                                  build/stm32g0xx_hal_rcc_ex.o
HAL_RCC_LSECSSCallback                            build/stm32g0xx_hal_rcc.o
HAL_RCC_MCOConfig                                 build/stm32g0xx_hal_rcc.o
HAL_RCC_NMI_IRQHandler                            build/stm32g0xx_hal_rcc.o
HAL_RCC_OscConfig                                 build/stm32g0xx_hal_rcc.o
                                                  build/main.o
HAL_ResumeTick                                    build/stm32g0xx_hal.o
HAL_SYSCFG_DisableClampingDiode                   build/stm32g0xx_hal.o
HAL_SYSCFG_DisableIOAnalogSwitchBooster           build/stm32g0xx_hal.o
HAL_SYSCFG_DisableRemap                           build/stm32g0xx_hal.o
HAL_SYSCFG_EnableClampingDiode                    build/stm32g0xx_hal.o
HAL_SYSCFG_EnableIOAnalogSwitchBooster            build/stm32g0xx_hal.o
HAL_SYSCFG_EnableRemap                            build/stm32g0xx_hal.o
HAL_SYSTICK_CLKSourceConfig                       build/stm32g0xx_hal_cortex.o
HAL_SYSTICK_Callback                              build/stm32g0xx_hal_cortex.o
HAL_SYSTICK_Config                                build/stm32g0xx_hal_cortex.o
                                                  build/stm32g0xx_hal.o
HAL_SYSTICK_IRQHandler                            build/stm32g0xx_hal_cortex.o
HAL_SetTickFreq                                   build/stm32g0xx_hal.o
HAL_SuspendTick                                   build/stm32g0xx_hal.o
HardFault_Handler                                 build/stm32g0xx_it.o
I2C1_IRQHandler                                   build/startup_stm32g030xx.o
I2C2_IRQHandler                                   build/startup_stm32g030xx.o
NMI_Handler                                       build/stm32g0xx_it.o
PendSV_Handler                                    build/stm32g0xx_it.o
RCC_IRQHandler                                    build/startup_stm32g030xx.o
RTC_TAMP_IRQHandler                               build/startup_stm32g030xx.o
Reset_Handler                                     build/startup_stm32g030xx.o
SPI1_IRQHandler                                   build/startup_stm32g030xx.o
SPI2_IRQHandler                                   build/startup_stm32g030xx.o
SVC_Handler                                       build/stm32g0xx_it.o
SysTick_Handler                                   build/stm32g0xx_it.o
SystemClock_Config                                build/main.o
SystemCoreClock                                   build/system_stm32g0xx.o
                                                  build/stm32g0xx_hal.o
                                                  build/stm32g0xx_hal_pwr_ex.o
                                                  build/stm32g0xx_hal_rcc.o
SystemCoreClockUpdate                             build/system_stm32g0xx.o
SystemInit                                        build/system_stm32g0xx.o
                                                  build/startup_stm32g030xx.o
TIM14_IRQHandler                                  build/startup_stm32g030xx.o
TIM16_IRQHandler                                  build/startup_stm32g030xx.o
TIM17_IRQHandler                                  build/startup_stm32g030xx.o
TIM1_BRK_UP_TRG_COM_IRQHandler                    build/startup_stm32g030xx.o
TIM1_CC_IRQHandler                                build/startup_stm32g030xx.o
TIM3_IRQHandler                                   build/startup_stm32g030xx.o
USART1_IRQHandler                                 build/startup_stm32g030xx.o
USART2_IRQHandler                                 build/startup_stm32g030xx.o
WWDG_IRQHandler                                   build/startup_stm32g030xx.o
_ITM_deregisterTMCloneTable                       /usr/lib/gcc/arm-none-eabi/9.2.1/thumb/v6-m/nofp/crtbegin.o
_ITM_registerTMCloneTable                         /usr/lib/gcc/arm-none-eabi/9.2.1/thumb/v6-m/nofp/crtbegin.o
__TMC_END__                                       /usr/lib/gcc/arm-none-eabi/9.2.1/thumb/v6-m/nofp/crtend.o
                                                  /usr/lib/gcc/arm-none-eabi/9.2.1/thumb/v6-m/nofp/crtbegin.o
__aeabi_idiv0                                     /usr/lib/gcc/arm-none-eabi/9.2.1/thumb/v6-m/nofp/libgcc.a(_dvmd_tls.o)
                                                  /usr/lib/gcc/arm-none-eabi/9.2.1/thumb/v6-m/nofp/libgcc.a(_udivsi3.o)
__aeabi_ldiv0                                     /usr/lib/gcc/arm-none-eabi/9.2.1/thumb/v6-m/nofp/libgcc.a(_dvmd_tls.o)
__aeabi_uidiv                                     /usr/lib/gcc/arm-none-eabi/9.2.1/thumb/v6-m/nofp/libgcc.a(_udivsi3.o)
                                                  build/system_stm32g0xx.o
                                                  build/stm32g0xx_hal.o
                                                  build/stm32g0xx_hal_pwr_ex.o
                                                  build/stm32g0xx_hal_dma.o
                                                  build/stm32g0xx_hal_rcc_ex.o
                                                  build/stm32g0xx_hal_rcc.o
__aeabi_uidivmod                                  /usr/lib/gcc/arm-none-eabi/9.2.1/thumb/v6-m/nofp/libgcc.a(_udivsi3.o)
__atexit_dummy                                    /usr/lib/gcc/arm-none-eabi/9.2.1/../../../arm-none-eabi/lib/thumb/v6-m/nofp/libc_nano.a(lib_a-__atexit.o)
__bss_end__                                       /usr/lib/gcc/arm-none-eabi/9.2.1/../../../arm-none-eabi/lib/thumb/v6-m/nofp/crt0.o
__bss_start__                                     /usr/lib/gcc/arm-none-eabi/9.2.1/../../../arm-none-eabi/lib/thumb/v6-m/nofp/crt0.o
__call_exitprocs                                  /usr/lib/gcc/arm-none-eabi/9.2.1/../../../arm-none-eabi/lib/thumb/v6-m/nofp/libc_nano.a(lib_a-__call_atexit.o)
                                                  /usr/lib/gcc/arm-none-eabi/9.2.1/../../../arm-none-eabi/lib/thumb/v6-m/nofp/libc_nano.a(lib_a-__atexit.o)
                                                  /usr/lib/gcc/arm-none-eabi/9.2.1/../../../arm-none-eabi/lib/thumb/v6-m/nofp/libc_nano.a(lib_a-exit.o)
__deregister_frame_info                           /usr/lib/gcc/arm-none-eabi/9.2.1/thumb/v6-m/nofp/crtbegin.o
__dso_handle                                      /usr/lib/gcc/arm-none-eabi/9.2.1/thumb/v6-m/nofp/crtbegin.o
__fini_array_end                                  /usr/lib/gcc/arm-none-eabi/9.2.1/../../../arm-none-eabi/lib/thumb/v6-m/nofp/libc_nano.a(lib_a-fini.o)
__fini_array_start                                /usr/lib/gcc/arm-none-eabi/9.2.1/../../../arm-none-eabi/lib/thumb/v6-m/nofp/libc_nano.a(lib_a-fini.o)
__init_array_end                                  /usr/lib/gcc/arm-none-eabi/9.2.1/../../../arm-none-eabi/lib/thumb/v6-m/nofp/libc_nano.a(lib_a-init.o)
__init_array_start                                /usr/lib/gcc/arm-none-eabi/9.2.1/../../../arm-none-eabi/lib/thumb/v6-m/nofp/libc_nano.a(lib_a-init.o)
__libc_fini_array                                 /usr/lib/gcc/arm-none-eabi/9.2.1/../../../arm-none-eabi/lib/thumb/v6-m/nofp/libc_nano.a(lib_a-fini.o)
                                                  /usr/lib/gcc/arm-none-eabi/9.2.1/../../../arm-none-eabi/lib/thumb/v6-m/nofp/crt0.o
__libc_init_array                                 /usr/lib/gcc/arm-none-eabi/9.2.1/../../../arm-none-eabi/lib/thumb/v6-m/nofp/libc_nano.a(lib_a-init.o)
                                                  build/startup_stm32g030xx.o
                                                  /usr/lib/gcc/arm-none-eabi/9.2.1/../../../arm-none-eabi/lib/thumb/v6-m/nofp/crt0.o
__on_exit_args                                    /usr/lib/gcc/arm-none-eabi/9.2.1/../../../arm-none-eabi/lib/thumb/v6-m/nofp/libc_nano.a(lib_a-__atexit.o)
__preinit_array_end                               /usr/lib/gcc/arm-none-eabi/9.2.1/../../../arm-none-eabi/lib/thumb/v6-m/nofp/libc_nano.a(lib_a-init.o)
__preinit_array_start                             /usr/lib/gcc/arm-none-eabi/9.2.1/../../../arm-none-eabi/lib/thumb/v6-m/nofp/libc_nano.a(lib_a-init.o)
__register_exitproc                               /usr/lib/gcc/arm-none-eabi/9.2.1/../../../arm-none-eabi/lib/thumb/v6-m/nofp/libc_nano.a(lib_a-__atexit.o)
                                                  /usr/lib/gcc/arm-none-eabi/9.2.1/../../../arm-none-eabi/lib/thumb/v6-m/nofp/libc_nano.a(lib_a-atexit.o)
__register_frame_info                             /usr/lib/gcc/arm-none-eabi/9.2.1/thumb/v6-m/nofp/crtbegin.o
__sf_fake_stderr                                  /usr/lib/gcc/arm-none-eabi/9.2.1/../../../arm-none-eabi/lib/thumb/v6-m/nofp/libc_nano.a(lib_a-impure.o)
__sf_fake_stdin                                   /usr/lib/gcc/arm-none-eabi/9.2.1/../../../arm-none-eabi/lib/thumb/v6-m/nofp/libc_nano.a(lib_a-impure.o)
__sf_fake_stdout                                  /usr/lib/gcc/arm-none-eabi/9.2.1/../../../arm-none-eabi/lib/thumb/v6-m/nofp/libc_nano.a(lib_a-impure.o)
__stack                                           /usr/lib/gcc/arm-none-eabi/9.2.1/../../../arm-none-eabi/lib/thumb/v6-m/nofp/crt0.o
__udivsi3                                         /usr/lib/gcc/arm-none-eabi/9.2.1/thumb/v6-m/nofp/libgcc.a(_udivsi3.o)
_ebss                                             build/startup_stm32g030xx.o
_edata                                            build/startup_stm32g030xx.o
_estack                                           build/startup_stm32g030xx.o
_exit                                             /usr/lib/gcc/arm-none-eabi/9.2.1/../../../arm-none-eabi/lib/thumb/v6-m/nofp/libnosys.a(_exit.o)
                                                  /usr/lib/gcc/arm-none-eabi/9.2.1/../../../arm-none-eabi/lib/thumb/v6-m/nofp/libc_nano.a(lib_a-exit.o)
_fini                                             /usr/lib/gcc/arm-none-eabi/9.2.1/thumb/v6-m/nofp/crti.o
                                                  /usr/lib/gcc/arm-none-eabi/9.2.1/../../../arm-none-eabi/lib/thumb/v6-m/nofp/libc_nano.a(lib_a-fini.o)
_global_atexit                                    /usr/lib/gcc/arm-none-eabi/9.2.1/../../../arm-none-eabi/lib/thumb/v6-m/nofp/libc_nano.a(lib_a-__call_atexit.o)
                                                  /usr/lib/gcc/arm-none-eabi/9.2.1/../../../arm-none-eabi/lib/thumb/v6-m/nofp/libc_nano.a(lib_a-__atexit.o)
_global_impure_ptr                                /usr/lib/gcc/arm-none-eabi/9.2.1/../../../arm-none-eabi/lib/thumb/v6-m/nofp/libc_nano.a(lib_a-impure.o)
                                                  /usr/lib/gcc/arm-none-eabi/9.2.1/../../../arm-none-eabi/lib/thumb/v6-m/nofp/libc_nano.a(lib_a-exit.o)
_impure_ptr                                       /usr/lib/gcc/arm-none-eabi/9.2.1/../../../arm-none-eabi/lib/thumb/v6-m/nofp/libc_nano.a(lib_a-impure.o)
_init                                             /usr/lib/gcc/arm-none-eabi/9.2.1/thumb/v6-m/nofp/crti.o
                                                  /usr/lib/gcc/arm-none-eabi/9.2.1/../../../arm-none-eabi/lib/thumb/v6-m/nofp/libc_nano.a(lib_a-init.o)
_mainCRTStartup                                   /usr/lib/gcc/arm-none-eabi/9.2.1/../../../arm-none-eabi/lib/thumb/v6-m/nofp/crt0.o
_sbss                                             build/startup_stm32g030xx.o
_sdata                                            build/startup_stm32g030xx.o
_sidata                                           build/startup_stm32g030xx.o
_stack_init                                       /usr/lib/gcc/arm-none-eabi/9.2.1/../../../arm-none-eabi/lib/thumb/v6-m/nofp/crt0.o
_start                                            /usr/lib/gcc/arm-none-eabi/9.2.1/../../../arm-none-eabi/lib/thumb/v6-m/nofp/crt0.o
atexit                                            /usr/lib/gcc/arm-none-eabi/9.2.1/../../../arm-none-eabi/lib/thumb/v6-m/nofp/libc_nano.a(lib_a-atexit.o)
                                                  /usr/lib/gcc/arm-none-eabi/9.2.1/../../../arm-none-eabi/lib/thumb/v6-m/nofp/crt0.o
exit                                              /usr/lib/gcc/arm-none-eabi/9.2.1/../../../arm-none-eabi/lib/thumb/v6-m/nofp/libc_nano.a(lib_a-exit.o)
                                                  /usr/lib/gcc/arm-none-eabi/9.2.1/../../../arm-none-eabi/lib/thumb/v6-m/nofp/crt0.o
g_pfnVectors                                      build/startup_stm32g030xx.o
hardware_init_hook                                /usr/lib/gcc/arm-none-eabi/9.2.1/../../../arm-none-eabi/lib/thumb/v6-m/nofp/crt0.o
main                                              build/main.o
                                                  build/startup_stm32g030xx.o
                                                  /usr/lib/gcc/arm-none-eabi/9.2.1/../../../arm-none-eabi/lib/thumb/v6-m/nofp/crt0.o
malloc                                            /usr/lib/gcc/arm-none-eabi/9.2.1/../../../arm-none-eabi/lib/thumb/v6-m/nofp/libc_nano.a(lib_a-__atexit.o)
memset                                            /usr/lib/gcc/arm-none-eabi/9.2.1/../../../arm-none-eabi/lib/thumb/v6-m/nofp/libc_nano.a(lib_a-memset.o)
                                                  build/main.o
                                                  /usr/lib/gcc/arm-none-eabi/9.2.1/../../../arm-none-eabi/lib/thumb/v6-m/nofp/crt0.o
pFlash                                            build/stm32g0xx_hal_flash.o
                                                  build/stm32g0xx_hal_flash_ex.o
software_init_hook                                /usr/lib/gcc/arm-none-eabi/9.2.1/../../../arm-none-eabi/lib/thumb/v6-m/nofp/crt0.o
uwTick                                            build/stm32g0xx_hal.o
uwTickFreq                                        build/stm32g0xx_hal.o
uwTickPrio                                        build/stm32g0xx_hal.o
                                                  build/stm32g0xx_hal_rcc.o
