Archive member included to satisfy reference by file (symbol)

/usr/local/Cellar/arm-none-eabi-gcc/9-2019-q4-major/gcc/bin/../lib/gcc/arm-none-eabi/9.2.1/../../../../arm-none-eabi/lib/thumb/v6-m/nofp/libc_nano.a(lib_a-exit.o)
                              /usr/local/Cellar/arm-none-eabi-gcc/9-2019-q4-major/gcc/bin/../lib/gcc/arm-none-eabi/9.2.1/../../../../arm-none-eabi/lib/thumb/v6-m/nofp/crt0.o (exit)
/usr/local/Cellar/arm-none-eabi-gcc/9-2019-q4-major/gcc/bin/../lib/gcc/arm-none-eabi/9.2.1/../../../../arm-none-eabi/lib/thumb/v6-m/nofp/libc_nano.a(lib_a-impure.o)
                              /usr/local/Cellar/arm-none-eabi-gcc/9-2019-q4-major/gcc/bin/../lib/gcc/arm-none-eabi/9.2.1/../../../../arm-none-eabi/lib/thumb/v6-m/nofp/libc_nano.a(lib_a-exit.o) (_global_impure_ptr)
/usr/local/Cellar/arm-none-eabi-gcc/9-2019-q4-major/gcc/bin/../lib/gcc/arm-none-eabi/9.2.1/../../../../arm-none-eabi/lib/thumb/v6-m/nofp/libc_nano.a(lib_a-init.o)
                              /usr/local/Cellar/arm-none-eabi-gcc/9-2019-q4-major/gcc/bin/../lib/gcc/arm-none-eabi/9.2.1/../../../../arm-none-eabi/lib/thumb/v6-m/nofp/crt0.o (__libc_init_array)
/usr/local/Cellar/arm-none-eabi-gcc/9-2019-q4-major/gcc/bin/../lib/gcc/arm-none-eabi/9.2.1/../../../../arm-none-eabi/lib/thumb/v6-m/nofp/libc_nano.a(lib_a-memset.o)
                              /usr/local/Cellar/arm-none-eabi-gcc/9-2019-q4-major/gcc/bin/../lib/gcc/arm-none-eabi/9.2.1/../../../../arm-none-eabi/lib/thumb/v6-m/nofp/crt0.o (memset)
/usr/local/Cellar/arm-none-eabi-gcc/9-2019-q4-major/gcc/bin/../lib/gcc/arm-none-eabi/9.2.1/../../../../arm-none-eabi/lib/thumb/v6-m/nofp/libnosys.a(_exit.o)
                              /usr/local/Cellar/arm-none-eabi-gcc/9-2019-q4-major/gcc/bin/../lib/gcc/arm-none-eabi/9.2.1/../../../../arm-none-eabi/lib/thumb/v6-m/nofp/libc_nano.a(lib_a-exit.o) (_exit)
/usr/local/Cellar/arm-none-eabi-gcc/9-2019-q4-major/gcc/bin/../lib/gcc/arm-none-eabi/9.2.1/thumb/v6-m/nofp/libgcc.a(_udivsi3.o)
                              build/stm32g0xx_hal_rcc.o (__aeabi_uidiv)
/usr/local/Cellar/arm-none-eabi-gcc/9-2019-q4-major/gcc/bin/../lib/gcc/arm-none-eabi/9.2.1/thumb/v6-m/nofp/libgcc.a(_dvmd_tls.o)
                              /usr/local/Cellar/arm-none-eabi-gcc/9-2019-q4-major/gcc/bin/../lib/gcc/arm-none-eabi/9.2.1/thumb/v6-m/nofp/libgcc.a(_udivsi3.o) (__aeabi_idiv0)

Allocating common symbols
Common symbol       size              file

uwTick              0x4               build/stm32g0xx_hal.o

Discarded input sections

 .text          0x0000000000000000        0x0 /usr/local/Cellar/arm-none-eabi-gcc/9-2019-q4-major/gcc/bin/../lib/gcc/arm-none-eabi/9.2.1/thumb/v6-m/nofp/crti.o
 .data          0x0000000000000000        0x0 /usr/local/Cellar/arm-none-eabi-gcc/9-2019-q4-major/gcc/bin/../lib/gcc/arm-none-eabi/9.2.1/thumb/v6-m/nofp/crti.o
 .bss           0x0000000000000000        0x0 /usr/local/Cellar/arm-none-eabi-gcc/9-2019-q4-major/gcc/bin/../lib/gcc/arm-none-eabi/9.2.1/thumb/v6-m/nofp/crti.o
 .data          0x0000000000000000        0x4 /usr/local/Cellar/arm-none-eabi-gcc/9-2019-q4-major/gcc/bin/../lib/gcc/arm-none-eabi/9.2.1/thumb/v6-m/nofp/crtbegin.o
 .text          0x0000000000000000       0x78 /usr/local/Cellar/arm-none-eabi-gcc/9-2019-q4-major/gcc/bin/../lib/gcc/arm-none-eabi/9.2.1/../../../../arm-none-eabi/lib/thumb/v6-m/nofp/crt0.o
 .data          0x0000000000000000        0x0 /usr/local/Cellar/arm-none-eabi-gcc/9-2019-q4-major/gcc/bin/../lib/gcc/arm-none-eabi/9.2.1/../../../../arm-none-eabi/lib/thumb/v6-m/nofp/crt0.o
 .bss           0x0000000000000000        0x0 /usr/local/Cellar/arm-none-eabi-gcc/9-2019-q4-major/gcc/bin/../lib/gcc/arm-none-eabi/9.2.1/../../../../arm-none-eabi/lib/thumb/v6-m/nofp/crt0.o
 .ARM.extab     0x0000000000000000        0x0 /usr/local/Cellar/arm-none-eabi-gcc/9-2019-q4-major/gcc/bin/../lib/gcc/arm-none-eabi/9.2.1/../../../../arm-none-eabi/lib/thumb/v6-m/nofp/crt0.o
 .ARM.exidx     0x0000000000000000        0x8 /usr/local/Cellar/arm-none-eabi-gcc/9-2019-q4-major/gcc/bin/../lib/gcc/arm-none-eabi/9.2.1/../../../../arm-none-eabi/lib/thumb/v6-m/nofp/crt0.o
 .ARM.attributes
                0x0000000000000000       0x1b /usr/local/Cellar/arm-none-eabi-gcc/9-2019-q4-major/gcc/bin/../lib/gcc/arm-none-eabi/9.2.1/../../../../arm-none-eabi/lib/thumb/v6-m/nofp/crt0.o
 .text          0x0000000000000000        0x0 build/main.o
 .data          0x0000000000000000        0x0 build/main.o
 .bss           0x0000000000000000        0x0 build/main.o
 .text.Error_Handler
                0x0000000000000000        0x2 build/main.o
 .text          0x0000000000000000        0x0 build/stm32g0xx_it.o
 .data          0x0000000000000000        0x0 build/stm32g0xx_it.o
 .bss           0x0000000000000000        0x0 build/stm32g0xx_it.o
 .text          0x0000000000000000        0x0 build/stm32g0xx_hal_msp.o
 .data          0x0000000000000000        0x0 build/stm32g0xx_hal_msp.o
 .bss           0x0000000000000000        0x0 build/stm32g0xx_hal_msp.o
 .text          0x0000000000000000        0x0 build/stm32g0xx_hal_gpio.o
 .data          0x0000000000000000        0x0 build/stm32g0xx_hal_gpio.o
 .bss           0x0000000000000000        0x0 build/stm32g0xx_hal_gpio.o
 .text.HAL_GPIO_DeInit
                0x0000000000000000      0x104 build/stm32g0xx_hal_gpio.o
 .text.HAL_GPIO_ReadPin
                0x0000000000000000        0xe build/stm32g0xx_hal_gpio.o
 .text.HAL_GPIO_TogglePin
                0x0000000000000000        0xe build/stm32g0xx_hal_gpio.o
 .text.HAL_GPIO_LockPin
                0x0000000000000000       0x2c build/stm32g0xx_hal_gpio.o
 .text.HAL_GPIO_EXTI_Rising_Callback
                0x0000000000000000        0x2 build/stm32g0xx_hal_gpio.o
 .text.HAL_GPIO_EXTI_Falling_Callback
                0x0000000000000000        0x2 build/stm32g0xx_hal_gpio.o
 .text.HAL_GPIO_EXTI_IRQHandler
                0x0000000000000000       0x30 build/stm32g0xx_hal_gpio.o
 .text          0x0000000000000000        0x0 build/stm32g0xx_hal_tim.o
 .data          0x0000000000000000        0x0 build/stm32g0xx_hal_tim.o
 .bss           0x0000000000000000        0x0 build/stm32g0xx_hal_tim.o
 .debug_info    0x0000000000000000      0x1b4 build/stm32g0xx_hal_tim.o
 .debug_abbrev  0x0000000000000000       0xb7 build/stm32g0xx_hal_tim.o
 .debug_aranges
                0x0000000000000000       0x18 build/stm32g0xx_hal_tim.o
 .debug_line    0x0000000000000000      0x18a build/stm32g0xx_hal_tim.o
 .debug_str     0x0000000000000000      0x280 build/stm32g0xx_hal_tim.o
 .comment       0x0000000000000000       0x7a build/stm32g0xx_hal_tim.o
 .ARM.attributes
                0x0000000000000000       0x32 build/stm32g0xx_hal_tim.o
 .text          0x0000000000000000        0x0 build/stm32g0xx_hal_tim_ex.o
 .data          0x0000000000000000        0x0 build/stm32g0xx_hal_tim_ex.o
 .bss           0x0000000000000000        0x0 build/stm32g0xx_hal_tim_ex.o
 .debug_info    0x0000000000000000      0x1b4 build/stm32g0xx_hal_tim_ex.o
 .debug_abbrev  0x0000000000000000       0xb7 build/stm32g0xx_hal_tim_ex.o
 .debug_aranges
                0x0000000000000000       0x18 build/stm32g0xx_hal_tim_ex.o
 .debug_line    0x0000000000000000      0x18a build/stm32g0xx_hal_tim_ex.o
 .debug_str     0x0000000000000000      0x283 build/stm32g0xx_hal_tim_ex.o
 .comment       0x0000000000000000       0x7a build/stm32g0xx_hal_tim_ex.o
 .ARM.attributes
                0x0000000000000000       0x32 build/stm32g0xx_hal_tim_ex.o
 .text          0x0000000000000000        0x0 build/stm32g0xx_hal_rcc.o
 .data          0x0000000000000000        0x0 build/stm32g0xx_hal_rcc.o
 .bss           0x0000000000000000        0x0 build/stm32g0xx_hal_rcc.o
 .text.HAL_RCC_DeInit
                0x0000000000000000       0xb4 build/stm32g0xx_hal_rcc.o
 .text.HAL_RCC_MCOConfig
                0x0000000000000000       0x50 build/stm32g0xx_hal_rcc.o
 .text.HAL_RCC_GetHCLKFreq
                0x0000000000000000        0xc build/stm32g0xx_hal_rcc.o
 .text.HAL_RCC_GetPCLK1Freq
                0x0000000000000000       0x28 build/stm32g0xx_hal_rcc.o
 .text.HAL_RCC_GetOscConfig
                0x0000000000000000       0xc8 build/stm32g0xx_hal_rcc.o
 .text.HAL_RCC_GetClockConfig
                0x0000000000000000       0x34 build/stm32g0xx_hal_rcc.o
 .text.HAL_RCC_EnableCSS
                0x0000000000000000       0x14 build/stm32g0xx_hal_rcc.o
 .text.HAL_RCC_EnableLSECSS
                0x0000000000000000       0x10 build/stm32g0xx_hal_rcc.o
 .text.HAL_RCC_DisableLSECSS
                0x0000000000000000       0x10 build/stm32g0xx_hal_rcc.o
 .text.HAL_RCC_CSSCallback
                0x0000000000000000        0x2 build/stm32g0xx_hal_rcc.o
 .text.HAL_RCC_LSECSSCallback
                0x0000000000000000        0x2 build/stm32g0xx_hal_rcc.o
 .text.HAL_RCC_NMI_IRQHandler
                0x0000000000000000       0x28 build/stm32g0xx_hal_rcc.o
 .text          0x0000000000000000        0x0 build/stm32g0xx_hal_rcc_ex.o
 .data          0x0000000000000000        0x0 build/stm32g0xx_hal_rcc_ex.o
 .bss           0x0000000000000000        0x0 build/stm32g0xx_hal_rcc_ex.o
 .text.HAL_RCCEx_PeriphCLKConfig
                0x0000000000000000      0x17c build/stm32g0xx_hal_rcc_ex.o
 .text.HAL_RCCEx_GetPeriphCLKConfig
                0x0000000000000000       0x40 build/stm32g0xx_hal_rcc_ex.o
 .text.HAL_RCCEx_GetPeriphCLKFreq
                0x0000000000000000      0x22c build/stm32g0xx_hal_rcc_ex.o
 .text.HAL_RCCEx_EnableLSCO
                0x0000000000000000       0xa0 build/stm32g0xx_hal_rcc_ex.o
 .text.HAL_RCCEx_DisableLSCO
                0x0000000000000000       0x70 build/stm32g0xx_hal_rcc_ex.o
 .debug_info    0x0000000000000000      0xa45 build/stm32g0xx_hal_rcc_ex.o
 .debug_abbrev  0x0000000000000000      0x275 build/stm32g0xx_hal_rcc_ex.o
 .debug_loc     0x0000000000000000      0x7df build/stm32g0xx_hal_rcc_ex.o
 .debug_aranges
                0x0000000000000000       0x40 build/stm32g0xx_hal_rcc_ex.o
 .debug_ranges  0x0000000000000000       0x48 build/stm32g0xx_hal_rcc_ex.o
 .debug_line    0x0000000000000000      0x775 build/stm32g0xx_hal_rcc_ex.o
 .debug_str     0x0000000000000000      0x660 build/stm32g0xx_hal_rcc_ex.o
 .comment       0x0000000000000000       0x7a build/stm32g0xx_hal_rcc_ex.o
 .debug_frame   0x0000000000000000       0xa0 build/stm32g0xx_hal_rcc_ex.o
 .ARM.attributes
                0x0000000000000000       0x2c build/stm32g0xx_hal_rcc_ex.o
 .text          0x0000000000000000        0x0 build/stm32g0xx_ll_rcc.o
 .data          0x0000000000000000        0x0 build/stm32g0xx_ll_rcc.o
 .bss           0x0000000000000000        0x0 build/stm32g0xx_ll_rcc.o
 .debug_line    0x0000000000000000        0x0 build/stm32g0xx_ll_rcc.o
 .debug_str     0x0000000000000000      0x112 build/stm32g0xx_ll_rcc.o
 .comment       0x0000000000000000       0x7a build/stm32g0xx_ll_rcc.o
 .ARM.attributes
                0x0000000000000000       0x32 build/stm32g0xx_ll_rcc.o
 .text          0x0000000000000000        0x0 build/stm32g0xx_hal_flash.o
 .data          0x0000000000000000        0x0 build/stm32g0xx_hal_flash.o
 .bss           0x0000000000000000        0x0 build/stm32g0xx_hal_flash.o
 .text.FLASH_Program_DoubleWord
                0x0000000000000000       0x1c build/stm32g0xx_hal_flash.o
 .RamFunc       0x0000000000000000       0x38 build/stm32g0xx_hal_flash.o
 .text.HAL_FLASH_EndOfOperationCallback
                0x0000000000000000        0x2 build/stm32g0xx_hal_flash.o
 .text.HAL_FLASH_OperationErrorCallback
                0x0000000000000000        0x2 build/stm32g0xx_hal_flash.o
 .text.HAL_FLASH_IRQHandler
                0x0000000000000000       0xec build/stm32g0xx_hal_flash.o
 .text.HAL_FLASH_Unlock
                0x0000000000000000       0x30 build/stm32g0xx_hal_flash.o
 .text.HAL_FLASH_Lock
                0x0000000000000000       0x20 build/stm32g0xx_hal_flash.o
 .text.HAL_FLASH_OB_Unlock
                0x0000000000000000       0x30 build/stm32g0xx_hal_flash.o
 .text.HAL_FLASH_OB_Lock
                0x0000000000000000       0x20 build/stm32g0xx_hal_flash.o
 .text.HAL_FLASH_OB_Launch
                0x0000000000000000       0x14 build/stm32g0xx_hal_flash.o
 .text.HAL_FLASH_GetError
                0x0000000000000000        0xc build/stm32g0xx_hal_flash.o
 .text.FLASH_WaitForLastOperation
                0x0000000000000000       0x7c build/stm32g0xx_hal_flash.o
 .text.HAL_FLASH_Program
                0x0000000000000000       0x64 build/stm32g0xx_hal_flash.o
 .text.HAL_FLASH_Program_IT
                0x0000000000000000       0x78 build/stm32g0xx_hal_flash.o
 .bss.pFlash    0x0000000000000000       0x18 build/stm32g0xx_hal_flash.o
 .debug_info    0x0000000000000000      0x8b9 build/stm32g0xx_hal_flash.o
 .debug_abbrev  0x0000000000000000      0x349 build/stm32g0xx_hal_flash.o
 .debug_loc     0x0000000000000000      0x61c build/stm32g0xx_hal_flash.o
 .debug_aranges
                0x0000000000000000       0x88 build/stm32g0xx_hal_flash.o
 .debug_ranges  0x0000000000000000       0x90 build/stm32g0xx_hal_flash.o
 .debug_line    0x0000000000000000      0x790 build/stm32g0xx_hal_flash.o
 .debug_str     0x0000000000000000      0x532 build/stm32g0xx_hal_flash.o
 .comment       0x0000000000000000       0x7a build/stm32g0xx_hal_flash.o
 .debug_frame   0x0000000000000000      0x154 build/stm32g0xx_hal_flash.o
 .ARM.attributes
                0x0000000000000000       0x2c build/stm32g0xx_hal_flash.o
 .text          0x0000000000000000        0x0 build/stm32g0xx_hal_flash_ex.o
 .data          0x0000000000000000        0x0 build/stm32g0xx_hal_flash_ex.o
 .bss           0x0000000000000000        0x0 build/stm32g0xx_hal_flash_ex.o
 .text.FLASH_MassErase
                0x0000000000000000       0x14 build/stm32g0xx_hal_flash_ex.o
 .text.FLASH_OB_WRPConfig
                0x0000000000000000       0x1c build/stm32g0xx_hal_flash_ex.o
 .text.FLASH_OB_OptrConfig
                0x0000000000000000       0x18 build/stm32g0xx_hal_flash_ex.o
 .text.FLASH_OB_GetWRP
                0x0000000000000000       0x34 build/stm32g0xx_hal_flash_ex.o
 .text.FLASH_OB_GetRDP
                0x0000000000000000       0x18 build/stm32g0xx_hal_flash_ex.o
 .text.FLASH_OB_GetUser
                0x0000000000000000       0x14 build/stm32g0xx_hal_flash_ex.o
 .text.HAL_FLASHEx_OBProgram
                0x0000000000000000       0xa8 build/stm32g0xx_hal_flash_ex.o
 .text.HAL_FLASHEx_OBGetConfig
                0x0000000000000000       0x2c build/stm32g0xx_hal_flash_ex.o
 .text.HAL_FLASHEx_FlashEmptyCheck
                0x0000000000000000       0x10 build/stm32g0xx_hal_flash_ex.o
 .text.HAL_FLASHEx_ForceFlashEmpty
                0x0000000000000000       0x18 build/stm32g0xx_hal_flash_ex.o
 .text.FLASH_PageErase
                0x0000000000000000       0x20 build/stm32g0xx_hal_flash_ex.o
 .text.HAL_FLASHEx_Erase
                0x0000000000000000       0x84 build/stm32g0xx_hal_flash_ex.o
 .text.HAL_FLASHEx_Erase_IT
                0x0000000000000000       0x6c build/stm32g0xx_hal_flash_ex.o
 .text.FLASH_FlushCaches
                0x0000000000000000       0x3c build/stm32g0xx_hal_flash_ex.o
 .debug_info    0x0000000000000000      0x843 build/stm32g0xx_hal_flash_ex.o
 .debug_abbrev  0x0000000000000000      0x2a1 build/stm32g0xx_hal_flash_ex.o
 .debug_loc     0x0000000000000000      0x4d2 build/stm32g0xx_hal_flash_ex.o
 .debug_aranges
                0x0000000000000000       0x88 build/stm32g0xx_hal_flash_ex.o
 .debug_ranges  0x0000000000000000       0x78 build/stm32g0xx_hal_flash_ex.o
 .debug_line    0x0000000000000000      0x66d build/stm32g0xx_hal_flash_ex.o
 .debug_str     0x0000000000000000      0x542 build/stm32g0xx_hal_flash_ex.o
 .comment       0x0000000000000000       0x7a build/stm32g0xx_hal_flash_ex.o
 .debug_frame   0x0000000000000000      0x140 build/stm32g0xx_hal_flash_ex.o
 .ARM.attributes
                0x0000000000000000       0x2c build/stm32g0xx_hal_flash_ex.o
 .text          0x0000000000000000        0x0 build/stm32g0xx_hal_dma.o
 .data          0x0000000000000000        0x0 build/stm32g0xx_hal_dma.o
 .bss           0x0000000000000000        0x0 build/stm32g0xx_hal_dma.o
 .text.DMA_SetConfig
                0x0000000000000000       0x48 build/stm32g0xx_hal_dma.o
 .text.DMA_CalcDMAMUXChannelBaseAndMask
                0x0000000000000000       0x38 build/stm32g0xx_hal_dma.o
 .text.DMA_CalcDMAMUXRequestGenBaseAndMask
                0x0000000000000000       0x28 build/stm32g0xx_hal_dma.o
 .text.HAL_DMA_Init
                0x0000000000000000       0xb0 build/stm32g0xx_hal_dma.o
 .text.HAL_DMA_DeInit
                0x0000000000000000       0x8c build/stm32g0xx_hal_dma.o
 .text.HAL_DMA_Start
                0x0000000000000000       0x4e build/stm32g0xx_hal_dma.o
 .text.HAL_DMA_Start_IT
                0x0000000000000000       0x98 build/stm32g0xx_hal_dma.o
 .text.HAL_DMA_Abort
                0x0000000000000000       0x80 build/stm32g0xx_hal_dma.o
 .text.HAL_DMA_Abort_IT
                0x0000000000000000       0x84 build/stm32g0xx_hal_dma.o
 .text.HAL_DMA_PollForTransfer
                0x0000000000000000      0x134 build/stm32g0xx_hal_dma.o
 .text.HAL_DMA_IRQHandler
                0x0000000000000000       0xcc build/stm32g0xx_hal_dma.o
 .text.HAL_DMA_RegisterCallback
                0x0000000000000000       0x4e build/stm32g0xx_hal_dma.o
 .text.HAL_DMA_UnRegisterCallback
                0x0000000000000000       0x68 build/stm32g0xx_hal_dma.o
 .rodata.HAL_DMA_UnRegisterCallback
                0x0000000000000000       0x14 build/stm32g0xx_hal_dma.o
 .text.HAL_DMA_GetState
                0x0000000000000000        0x8 build/stm32g0xx_hal_dma.o
 .text.HAL_DMA_GetError
                0x0000000000000000        0x4 build/stm32g0xx_hal_dma.o
 .debug_info    0x0000000000000000      0xb83 build/stm32g0xx_hal_dma.o
 .debug_abbrev  0x0000000000000000      0x267 build/stm32g0xx_hal_dma.o
 .debug_loc     0x0000000000000000      0xa81 build/stm32g0xx_hal_dma.o
 .debug_aranges
                0x0000000000000000       0x90 build/stm32g0xx_hal_dma.o
 .debug_ranges  0x0000000000000000       0x80 build/stm32g0xx_hal_dma.o
 .debug_line    0x0000000000000000      0xb17 build/stm32g0xx_hal_dma.o
 .debug_str     0x0000000000000000      0x7f6 build/stm32g0xx_hal_dma.o
 .comment       0x0000000000000000       0x7a build/stm32g0xx_hal_dma.o
 .debug_frame   0x0000000000000000      0x1b8 build/stm32g0xx_hal_dma.o
 .ARM.attributes
                0x0000000000000000       0x2c build/stm32g0xx_hal_dma.o
 .text          0x0000000000000000        0x0 build/stm32g0xx_hal_dma_ex.o
 .data          0x0000000000000000        0x0 build/stm32g0xx_hal_dma_ex.o
 .bss           0x0000000000000000        0x0 build/stm32g0xx_hal_dma_ex.o
 .text.HAL_DMAEx_ConfigMuxSync
                0x0000000000000000       0x50 build/stm32g0xx_hal_dma_ex.o
 .text.HAL_DMAEx_ConfigMuxRequestGenerator
                0x0000000000000000       0x42 build/stm32g0xx_hal_dma_ex.o
 .text.HAL_DMAEx_EnableMuxRequestGenerator
                0x0000000000000000       0x24 build/stm32g0xx_hal_dma_ex.o
 .text.HAL_DMAEx_DisableMuxRequestGenerator
                0x0000000000000000       0x28 build/stm32g0xx_hal_dma_ex.o
 .text.HAL_DMAEx_MUX_IRQHandler
                0x0000000000000000       0x68 build/stm32g0xx_hal_dma_ex.o
 .debug_info    0x0000000000000000      0x727 build/stm32g0xx_hal_dma_ex.o
 .debug_abbrev  0x0000000000000000      0x19c build/stm32g0xx_hal_dma_ex.o
 .debug_loc     0x0000000000000000      0x220 build/stm32g0xx_hal_dma_ex.o
 .debug_aranges
                0x0000000000000000       0x40 build/stm32g0xx_hal_dma_ex.o
 .debug_ranges  0x0000000000000000       0x30 build/stm32g0xx_hal_dma_ex.o
 .debug_line    0x0000000000000000      0x431 build/stm32g0xx_hal_dma_ex.o
 .debug_str     0x0000000000000000      0x6bb build/stm32g0xx_hal_dma_ex.o
 .comment       0x0000000000000000       0x7a build/stm32g0xx_hal_dma_ex.o
 .debug_frame   0x0000000000000000       0x88 build/stm32g0xx_hal_dma_ex.o
 .ARM.attributes
                0x0000000000000000       0x2c build/stm32g0xx_hal_dma_ex.o
 .text          0x0000000000000000        0x0 build/stm32g0xx_hal_pwr.o
 .data          0x0000000000000000        0x0 build/stm32g0xx_hal_pwr.o
 .bss           0x0000000000000000        0x0 build/stm32g0xx_hal_pwr.o
 .text.HAL_PWR_DeInit
                0x0000000000000000       0x20 build/stm32g0xx_hal_pwr.o
 .text.HAL_PWR_EnableBkUpAccess
                0x0000000000000000       0x14 build/stm32g0xx_hal_pwr.o
 .text.HAL_PWR_DisableBkUpAccess
                0x0000000000000000       0x14 build/stm32g0xx_hal_pwr.o
 .text.HAL_PWR_EnableWakeUpPin
                0x0000000000000000       0x1c build/stm32g0xx_hal_pwr.o
 .text.HAL_PWR_DisableWakeUpPin
                0x0000000000000000       0x14 build/stm32g0xx_hal_pwr.o
 .text.HAL_PWR_EnterSLEEPMode
                0x0000000000000000       0x4c build/stm32g0xx_hal_pwr.o
 .text.HAL_PWR_EnterSTOPMode
                0x0000000000000000       0x4c build/stm32g0xx_hal_pwr.o
 .text.HAL_PWR_EnterSTANDBYMode
                0x0000000000000000       0x24 build/stm32g0xx_hal_pwr.o
 .text.HAL_PWR_EnableSleepOnExit
                0x0000000000000000       0x10 build/stm32g0xx_hal_pwr.o
 .text.HAL_PWR_DisableSleepOnExit
                0x0000000000000000       0x10 build/stm32g0xx_hal_pwr.o
 .text.HAL_PWR_EnableSEVOnPend
                0x0000000000000000       0x10 build/stm32g0xx_hal_pwr.o
 .text.HAL_PWR_DisableSEVOnPend
                0x0000000000000000       0x10 build/stm32g0xx_hal_pwr.o
 .debug_info    0x0000000000000000      0x78e build/stm32g0xx_hal_pwr.o
 .debug_abbrev  0x0000000000000000      0x1ad build/stm32g0xx_hal_pwr.o
 .debug_loc     0x0000000000000000      0x177 build/stm32g0xx_hal_pwr.o
 .debug_aranges
                0x0000000000000000       0x78 build/stm32g0xx_hal_pwr.o
 .debug_ranges  0x0000000000000000       0x68 build/stm32g0xx_hal_pwr.o
 .debug_line    0x0000000000000000      0x3b8 build/stm32g0xx_hal_pwr.o
 .debug_str     0x0000000000000000      0x588 build/stm32g0xx_hal_pwr.o
 .comment       0x0000000000000000       0x7a build/stm32g0xx_hal_pwr.o
 .debug_frame   0x0000000000000000       0xdc build/stm32g0xx_hal_pwr.o
 .ARM.attributes
                0x0000000000000000       0x2c build/stm32g0xx_hal_pwr.o
 .text          0x0000000000000000        0x0 build/stm32g0xx_hal_pwr_ex.o
 .data          0x0000000000000000        0x0 build/stm32g0xx_hal_pwr_ex.o
 .bss           0x0000000000000000        0x0 build/stm32g0xx_hal_pwr_ex.o
 .text.HAL_PWREx_EnableBatteryCharging
                0x0000000000000000       0x1c build/stm32g0xx_hal_pwr_ex.o
 .text.HAL_PWREx_DisableBatteryCharging
                0x0000000000000000       0x14 build/stm32g0xx_hal_pwr_ex.o
 .text.HAL_PWREx_EnableInternalWakeUpLine
                0x0000000000000000       0x14 build/stm32g0xx_hal_pwr_ex.o
 .text.HAL_PWREx_DisableInternalWakeUpLine
                0x0000000000000000       0x14 build/stm32g0xx_hal_pwr_ex.o
 .text.HAL_PWREx_EnableGPIOPullUp
                0x0000000000000000       0x84 build/stm32g0xx_hal_pwr_ex.o
 .rodata.HAL_PWREx_EnableGPIOPullUp
                0x0000000000000000       0x18 build/stm32g0xx_hal_pwr_ex.o
 .text.HAL_PWREx_DisableGPIOPullUp
                0x0000000000000000       0x5c build/stm32g0xx_hal_pwr_ex.o
 .rodata.HAL_PWREx_DisableGPIOPullUp
                0x0000000000000000       0x18 build/stm32g0xx_hal_pwr_ex.o
 .text.HAL_PWREx_EnableGPIOPullDown
                0x0000000000000000       0x84 build/stm32g0xx_hal_pwr_ex.o
 .rodata.HAL_PWREx_EnableGPIOPullDown
                0x0000000000000000       0x18 build/stm32g0xx_hal_pwr_ex.o
 .text.HAL_PWREx_DisableGPIOPullDown
                0x0000000000000000       0x5c build/stm32g0xx_hal_pwr_ex.o
 .rodata.HAL_PWREx_DisableGPIOPullDown
                0x0000000000000000       0x18 build/stm32g0xx_hal_pwr_ex.o
 .text.HAL_PWREx_EnablePullUpPullDownConfig
                0x0000000000000000       0x14 build/stm32g0xx_hal_pwr_ex.o
 .text.HAL_PWREx_DisablePullUpPullDownConfig
                0x0000000000000000       0x14 build/stm32g0xx_hal_pwr_ex.o
 .text.HAL_PWREx_EnableFlashPowerDown
                0x0000000000000000       0x10 build/stm32g0xx_hal_pwr_ex.o
 .text.HAL_PWREx_DisableFlashPowerDown
                0x0000000000000000       0x10 build/stm32g0xx_hal_pwr_ex.o
 .text.HAL_PWREx_GetVoltageRange
                0x0000000000000000       0x10 build/stm32g0xx_hal_pwr_ex.o
 .text.HAL_PWREx_EnableLowPowerRunMode
                0x0000000000000000       0x14 build/stm32g0xx_hal_pwr_ex.o
 .text.HAL_PWREx_DisableLowPowerRunMode
                0x0000000000000000       0x48 build/stm32g0xx_hal_pwr_ex.o
 .text          0x0000000000000000        0x0 build/stm32g0xx_hal_cortex.o
 .data          0x0000000000000000        0x0 build/stm32g0xx_hal_cortex.o
 .bss           0x0000000000000000        0x0 build/stm32g0xx_hal_cortex.o
 .text.HAL_NVIC_EnableIRQ
                0x0000000000000000       0x18 build/stm32g0xx_hal_cortex.o
 .text.HAL_NVIC_DisableIRQ
                0x0000000000000000       0x20 build/stm32g0xx_hal_cortex.o
 .text.HAL_NVIC_SystemReset
                0x0000000000000000       0x1c build/stm32g0xx_hal_cortex.o
 .text.HAL_NVIC_GetPriority
                0x0000000000000000       0x4c build/stm32g0xx_hal_cortex.o
 .text.HAL_NVIC_SetPendingIRQ
                0x0000000000000000       0x1c build/stm32g0xx_hal_cortex.o
 .text.HAL_NVIC_GetPendingIRQ
                0x0000000000000000       0x20 build/stm32g0xx_hal_cortex.o
 .text.HAL_NVIC_ClearPendingIRQ
                0x0000000000000000       0x1c build/stm32g0xx_hal_cortex.o
 .text.HAL_SYSTICK_CLKSourceConfig
                0x0000000000000000       0x20 build/stm32g0xx_hal_cortex.o
 .text.HAL_SYSTICK_Callback
                0x0000000000000000        0x2 build/stm32g0xx_hal_cortex.o
 .text.HAL_SYSTICK_IRQHandler
                0x0000000000000000        0x8 build/stm32g0xx_hal_cortex.o
 .text.HAL_MPU_Enable
                0x0000000000000000       0x18 build/stm32g0xx_hal_cortex.o
 .text.HAL_MPU_Disable
                0x0000000000000000       0x10 build/stm32g0xx_hal_cortex.o
 .text.HAL_MPU_ConfigRegion
                0x0000000000000000       0x58 build/stm32g0xx_hal_cortex.o
 .text          0x0000000000000000        0x0 build/stm32g0xx_hal.o
 .data          0x0000000000000000        0x0 build/stm32g0xx_hal.o
 .bss           0x0000000000000000        0x0 build/stm32g0xx_hal.o
 .text.HAL_MspInit
                0x0000000000000000        0x2 build/stm32g0xx_hal.o
 .text.HAL_MspDeInit
                0x0000000000000000        0x2 build/stm32g0xx_hal.o
 .text.HAL_DeInit
                0x0000000000000000       0x28 build/stm32g0xx_hal.o
 .text.HAL_GetTickPrio
                0x0000000000000000        0xc build/stm32g0xx_hal.o
 .text.HAL_SetTickFreq
                0x0000000000000000       0x2c build/stm32g0xx_hal.o
 .text.HAL_GetTickFreq
                0x0000000000000000        0xc build/stm32g0xx_hal.o
 .text.HAL_SuspendTick
                0x0000000000000000       0x10 build/stm32g0xx_hal.o
 .text.HAL_ResumeTick
                0x0000000000000000       0x10 build/stm32g0xx_hal.o
 .text.HAL_GetHalVersion
                0x0000000000000000        0x8 build/stm32g0xx_hal.o
 .text.HAL_GetREVID
                0x0000000000000000        0xc build/stm32g0xx_hal.o
 .text.HAL_GetDEVID
                0x0000000000000000       0x10 build/stm32g0xx_hal.o
 .text.HAL_GetUIDw0
                0x0000000000000000        0xc build/stm32g0xx_hal.o
 .text.HAL_GetUIDw1
                0x0000000000000000        0xc build/stm32g0xx_hal.o
 .text.HAL_GetUIDw2
                0x0000000000000000        0xc build/stm32g0xx_hal.o
 .text.HAL_DBGMCU_EnableDBGStopMode
                0x0000000000000000       0x10 build/stm32g0xx_hal.o
 .text.HAL_DBGMCU_DisableDBGStopMode
                0x0000000000000000       0x10 build/stm32g0xx_hal.o
 .text.HAL_DBGMCU_EnableDBGStandbyMode
                0x0000000000000000       0x10 build/stm32g0xx_hal.o
 .text.HAL_DBGMCU_DisableDBGStandbyMode
                0x0000000000000000       0x10 build/stm32g0xx_hal.o
 .text.HAL_SYSCFG_EnableIOAnalogSwitchBooster
                0x0000000000000000       0x14 build/stm32g0xx_hal.o
 .text.HAL_SYSCFG_DisableIOAnalogSwitchBooster
                0x0000000000000000       0x14 build/stm32g0xx_hal.o
 .text.HAL_SYSCFG_EnableRemap
                0x0000000000000000       0x10 build/stm32g0xx_hal.o
 .text.HAL_SYSCFG_DisableRemap
                0x0000000000000000       0x10 build/stm32g0xx_hal.o
 .text.HAL_SYSCFG_EnableClampingDiode
                0x0000000000000000       0x10 build/stm32g0xx_hal.o
 .text.HAL_SYSCFG_DisableClampingDiode
                0x0000000000000000       0x10 build/stm32g0xx_hal.o
 .text          0x0000000000000000        0x0 build/stm32g0xx_hal_exti.o
 .data          0x0000000000000000        0x0 build/stm32g0xx_hal_exti.o
 .bss           0x0000000000000000        0x0 build/stm32g0xx_hal_exti.o
 .text.HAL_EXTI_SetConfigLine
                0x0000000000000000       0xc4 build/stm32g0xx_hal_exti.o
 .text.HAL_EXTI_GetConfigLine
                0x0000000000000000       0xc0 build/stm32g0xx_hal_exti.o
 .text.HAL_EXTI_ClearConfigLine
                0x0000000000000000       0xa4 build/stm32g0xx_hal_exti.o
 .text.HAL_EXTI_RegisterCallback
                0x0000000000000000       0x24 build/stm32g0xx_hal_exti.o
 .text.HAL_EXTI_GetHandle
                0x0000000000000000        0xe build/stm32g0xx_hal_exti.o
 .text.HAL_EXTI_IRQHandler
                0x0000000000000000       0x48 build/stm32g0xx_hal_exti.o
 .text.HAL_EXTI_GetPending
                0x0000000000000000       0x38 build/stm32g0xx_hal_exti.o
 .text.HAL_EXTI_ClearPending
                0x0000000000000000       0x34 build/stm32g0xx_hal_exti.o
 .text.HAL_EXTI_GenerateSWI
                0x0000000000000000       0x20 build/stm32g0xx_hal_exti.o
 .debug_info    0x0000000000000000      0x8c1 build/stm32g0xx_hal_exti.o
 .debug_abbrev  0x0000000000000000      0x1da build/stm32g0xx_hal_exti.o
 .debug_loc     0x0000000000000000      0xd41 build/stm32g0xx_hal_exti.o
 .debug_aranges
                0x0000000000000000       0x60 build/stm32g0xx_hal_exti.o
 .debug_ranges  0x0000000000000000       0x50 build/stm32g0xx_hal_exti.o
 .debug_line    0x0000000000000000      0x82d build/stm32g0xx_hal_exti.o
 .debug_str     0x0000000000000000      0x502 build/stm32g0xx_hal_exti.o
 .comment       0x0000000000000000       0x7a build/stm32g0xx_hal_exti.o
 .debug_frame   0x0000000000000000      0x104 build/stm32g0xx_hal_exti.o
 .ARM.attributes
                0x0000000000000000       0x2c build/stm32g0xx_hal_exti.o
 .text          0x0000000000000000        0x0 build/system_stm32g0xx.o
 .data          0x0000000000000000        0x0 build/system_stm32g0xx.o
 .bss           0x0000000000000000        0x0 build/system_stm32g0xx.o
 .text.SystemCoreClockUpdate
                0x0000000000000000       0xb8 build/system_stm32g0xx.o
 .rodata.APBPrescTable
                0x0000000000000000       0x20 build/system_stm32g0xx.o
 .text          0x0000000000000000       0x14 build/startup_stm32g030xx.o
 .data          0x0000000000000000        0x0 build/startup_stm32g030xx.o
 .bss           0x0000000000000000        0x0 build/startup_stm32g030xx.o
 .text          0x0000000000000000        0x0 /usr/local/Cellar/arm-none-eabi-gcc/9-2019-q4-major/gcc/bin/../lib/gcc/arm-none-eabi/9.2.1/../../../../arm-none-eabi/lib/thumb/v6-m/nofp/libc_nano.a(lib_a-exit.o)
 .data          0x0000000000000000        0x0 /usr/local/Cellar/arm-none-eabi-gcc/9-2019-q4-major/gcc/bin/../lib/gcc/arm-none-eabi/9.2.1/../../../../arm-none-eabi/lib/thumb/v6-m/nofp/libc_nano.a(lib_a-exit.o)
 .bss           0x0000000000000000        0x0 /usr/local/Cellar/arm-none-eabi-gcc/9-2019-q4-major/gcc/bin/../lib/gcc/arm-none-eabi/9.2.1/../../../../arm-none-eabi/lib/thumb/v6-m/nofp/libc_nano.a(lib_a-exit.o)
 .text.exit     0x0000000000000000       0x2c /usr/local/Cellar/arm-none-eabi-gcc/9-2019-q4-major/gcc/bin/../lib/gcc/arm-none-eabi/9.2.1/../../../../arm-none-eabi/lib/thumb/v6-m/nofp/libc_nano.a(lib_a-exit.o)
 .debug_frame   0x0000000000000000       0x28 /usr/local/Cellar/arm-none-eabi-gcc/9-2019-q4-major/gcc/bin/../lib/gcc/arm-none-eabi/9.2.1/../../../../arm-none-eabi/lib/thumb/v6-m/nofp/libc_nano.a(lib_a-exit.o)
 .ARM.attributes
                0x0000000000000000       0x2c /usr/local/Cellar/arm-none-eabi-gcc/9-2019-q4-major/gcc/bin/../lib/gcc/arm-none-eabi/9.2.1/../../../../arm-none-eabi/lib/thumb/v6-m/nofp/libc_nano.a(lib_a-exit.o)
 .text          0x0000000000000000        0x0 /usr/local/Cellar/arm-none-eabi-gcc/9-2019-q4-major/gcc/bin/../lib/gcc/arm-none-eabi/9.2.1/../../../../arm-none-eabi/lib/thumb/v6-m/nofp/libc_nano.a(lib_a-impure.o)
 .data          0x0000000000000000        0x0 /usr/local/Cellar/arm-none-eabi-gcc/9-2019-q4-major/gcc/bin/../lib/gcc/arm-none-eabi/9.2.1/../../../../arm-none-eabi/lib/thumb/v6-m/nofp/libc_nano.a(lib_a-impure.o)
 .bss           0x0000000000000000        0x0 /usr/local/Cellar/arm-none-eabi-gcc/9-2019-q4-major/gcc/bin/../lib/gcc/arm-none-eabi/9.2.1/../../../../arm-none-eabi/lib/thumb/v6-m/nofp/libc_nano.a(lib_a-impure.o)
 .data._impure_ptr
                0x0000000000000000        0x4 /usr/local/Cellar/arm-none-eabi-gcc/9-2019-q4-major/gcc/bin/../lib/gcc/arm-none-eabi/9.2.1/../../../../arm-none-eabi/lib/thumb/v6-m/nofp/libc_nano.a(lib_a-impure.o)
 .data.impure_data
                0x0000000000000000       0x60 /usr/local/Cellar/arm-none-eabi-gcc/9-2019-q4-major/gcc/bin/../lib/gcc/arm-none-eabi/9.2.1/../../../../arm-none-eabi/lib/thumb/v6-m/nofp/libc_nano.a(lib_a-impure.o)
 .rodata._global_impure_ptr
                0x0000000000000000        0x4 /usr/local/Cellar/arm-none-eabi-gcc/9-2019-q4-major/gcc/bin/../lib/gcc/arm-none-eabi/9.2.1/../../../../arm-none-eabi/lib/thumb/v6-m/nofp/libc_nano.a(lib_a-impure.o)
 .ARM.attributes
                0x0000000000000000       0x2c /usr/local/Cellar/arm-none-eabi-gcc/9-2019-q4-major/gcc/bin/../lib/gcc/arm-none-eabi/9.2.1/../../../../arm-none-eabi/lib/thumb/v6-m/nofp/libc_nano.a(lib_a-impure.o)
 .text          0x0000000000000000        0x0 /usr/local/Cellar/arm-none-eabi-gcc/9-2019-q4-major/gcc/bin/../lib/gcc/arm-none-eabi/9.2.1/../../../../arm-none-eabi/lib/thumb/v6-m/nofp/libc_nano.a(lib_a-init.o)
 .data          0x0000000000000000        0x0 /usr/local/Cellar/arm-none-eabi-gcc/9-2019-q4-major/gcc/bin/../lib/gcc/arm-none-eabi/9.2.1/../../../../arm-none-eabi/lib/thumb/v6-m/nofp/libc_nano.a(lib_a-init.o)
 .bss           0x0000000000000000        0x0 /usr/local/Cellar/arm-none-eabi-gcc/9-2019-q4-major/gcc/bin/../lib/gcc/arm-none-eabi/9.2.1/../../../../arm-none-eabi/lib/thumb/v6-m/nofp/libc_nano.a(lib_a-init.o)
 .text          0x0000000000000000        0x0 /usr/local/Cellar/arm-none-eabi-gcc/9-2019-q4-major/gcc/bin/../lib/gcc/arm-none-eabi/9.2.1/../../../../arm-none-eabi/lib/thumb/v6-m/nofp/libc_nano.a(lib_a-memset.o)
 .data          0x0000000000000000        0x0 /usr/local/Cellar/arm-none-eabi-gcc/9-2019-q4-major/gcc/bin/../lib/gcc/arm-none-eabi/9.2.1/../../../../arm-none-eabi/lib/thumb/v6-m/nofp/libc_nano.a(lib_a-memset.o)
 .bss           0x0000000000000000        0x0 /usr/local/Cellar/arm-none-eabi-gcc/9-2019-q4-major/gcc/bin/../lib/gcc/arm-none-eabi/9.2.1/../../../../arm-none-eabi/lib/thumb/v6-m/nofp/libc_nano.a(lib_a-memset.o)
 .text          0x0000000000000000        0x0 /usr/local/Cellar/arm-none-eabi-gcc/9-2019-q4-major/gcc/bin/../lib/gcc/arm-none-eabi/9.2.1/../../../../arm-none-eabi/lib/thumb/v6-m/nofp/libnosys.a(_exit.o)
 .data          0x0000000000000000        0x0 /usr/local/Cellar/arm-none-eabi-gcc/9-2019-q4-major/gcc/bin/../lib/gcc/arm-none-eabi/9.2.1/../../../../arm-none-eabi/lib/thumb/v6-m/nofp/libnosys.a(_exit.o)
 .bss           0x0000000000000000        0x0 /usr/local/Cellar/arm-none-eabi-gcc/9-2019-q4-major/gcc/bin/../lib/gcc/arm-none-eabi/9.2.1/../../../../arm-none-eabi/lib/thumb/v6-m/nofp/libnosys.a(_exit.o)
 .text._exit    0x0000000000000000        0x4 /usr/local/Cellar/arm-none-eabi-gcc/9-2019-q4-major/gcc/bin/../lib/gcc/arm-none-eabi/9.2.1/../../../../arm-none-eabi/lib/thumb/v6-m/nofp/libnosys.a(_exit.o)
 .debug_frame   0x0000000000000000       0x20 /usr/local/Cellar/arm-none-eabi-gcc/9-2019-q4-major/gcc/bin/../lib/gcc/arm-none-eabi/9.2.1/../../../../arm-none-eabi/lib/thumb/v6-m/nofp/libnosys.a(_exit.o)
 .ARM.attributes
                0x0000000000000000       0x2c /usr/local/Cellar/arm-none-eabi-gcc/9-2019-q4-major/gcc/bin/../lib/gcc/arm-none-eabi/9.2.1/../../../../arm-none-eabi/lib/thumb/v6-m/nofp/libnosys.a(_exit.o)
 .data          0x0000000000000000        0x0 /usr/local/Cellar/arm-none-eabi-gcc/9-2019-q4-major/gcc/bin/../lib/gcc/arm-none-eabi/9.2.1/thumb/v6-m/nofp/libgcc.a(_udivsi3.o)
 .bss           0x0000000000000000        0x0 /usr/local/Cellar/arm-none-eabi-gcc/9-2019-q4-major/gcc/bin/../lib/gcc/arm-none-eabi/9.2.1/thumb/v6-m/nofp/libgcc.a(_udivsi3.o)
 .data          0x0000000000000000        0x0 /usr/local/Cellar/arm-none-eabi-gcc/9-2019-q4-major/gcc/bin/../lib/gcc/arm-none-eabi/9.2.1/thumb/v6-m/nofp/libgcc.a(_dvmd_tls.o)
 .bss           0x0000000000000000        0x0 /usr/local/Cellar/arm-none-eabi-gcc/9-2019-q4-major/gcc/bin/../lib/gcc/arm-none-eabi/9.2.1/thumb/v6-m/nofp/libgcc.a(_dvmd_tls.o)
 .text          0x0000000000000000        0x0 /usr/local/Cellar/arm-none-eabi-gcc/9-2019-q4-major/gcc/bin/../lib/gcc/arm-none-eabi/9.2.1/thumb/v6-m/nofp/crtend.o
 .data          0x0000000000000000        0x0 /usr/local/Cellar/arm-none-eabi-gcc/9-2019-q4-major/gcc/bin/../lib/gcc/arm-none-eabi/9.2.1/thumb/v6-m/nofp/crtend.o
 .bss           0x0000000000000000        0x0 /usr/local/Cellar/arm-none-eabi-gcc/9-2019-q4-major/gcc/bin/../lib/gcc/arm-none-eabi/9.2.1/thumb/v6-m/nofp/crtend.o
 .eh_frame      0x0000000000000000        0x4 /usr/local/Cellar/arm-none-eabi-gcc/9-2019-q4-major/gcc/bin/../lib/gcc/arm-none-eabi/9.2.1/thumb/v6-m/nofp/crtend.o
 .ARM.attributes
                0x0000000000000000       0x2c /usr/local/Cellar/arm-none-eabi-gcc/9-2019-q4-major/gcc/bin/../lib/gcc/arm-none-eabi/9.2.1/thumb/v6-m/nofp/crtend.o
 .text          0x0000000000000000        0x0 /usr/local/Cellar/arm-none-eabi-gcc/9-2019-q4-major/gcc/bin/../lib/gcc/arm-none-eabi/9.2.1/thumb/v6-m/nofp/crtn.o
 .data          0x0000000000000000        0x0 /usr/local/Cellar/arm-none-eabi-gcc/9-2019-q4-major/gcc/bin/../lib/gcc/arm-none-eabi/9.2.1/thumb/v6-m/nofp/crtn.o
 .bss           0x0000000000000000        0x0 /usr/local/Cellar/arm-none-eabi-gcc/9-2019-q4-major/gcc/bin/../lib/gcc/arm-none-eabi/9.2.1/thumb/v6-m/nofp/crtn.o

Memory Configuration

Name             Origin             Length             Attributes
RAM              0x0000000020000000 0x0000000000002000 xrw
FLASH            0x0000000008000000 0x0000000000008000 xr
*default*        0x0000000000000000 0xffffffffffffffff

Linker script and memory map

LOAD /usr/local/Cellar/arm-none-eabi-gcc/9-2019-q4-major/gcc/bin/../lib/gcc/arm-none-eabi/9.2.1/thumb/v6-m/nofp/crti.o
LOAD /usr/local/Cellar/arm-none-eabi-gcc/9-2019-q4-major/gcc/bin/../lib/gcc/arm-none-eabi/9.2.1/thumb/v6-m/nofp/crtbegin.o
LOAD /usr/local/Cellar/arm-none-eabi-gcc/9-2019-q4-major/gcc/bin/../lib/gcc/arm-none-eabi/9.2.1/../../../../arm-none-eabi/lib/thumb/v6-m/nofp/crt0.o
LOAD build/main.o
LOAD build/stm32g0xx_it.o
LOAD build/stm32g0xx_hal_msp.o
LOAD build/stm32g0xx_hal_gpio.o
LOAD build/stm32g0xx_hal_tim.o
LOAD build/stm32g0xx_hal_tim_ex.o
LOAD build/stm32g0xx_hal_rcc.o
LOAD build/stm32g0xx_hal_rcc_ex.o
LOAD build/stm32g0xx_ll_rcc.o
LOAD build/stm32g0xx_hal_flash.o
LOAD build/stm32g0xx_hal_flash_ex.o
LOAD build/stm32g0xx_hal_dma.o
LOAD build/stm32g0xx_hal_dma_ex.o
LOAD build/stm32g0xx_hal_pwr.o
LOAD build/stm32g0xx_hal_pwr_ex.o
LOAD build/stm32g0xx_hal_cortex.o
LOAD build/stm32g0xx_hal.o
LOAD build/stm32g0xx_hal_exti.o
LOAD build/system_stm32g0xx.o
LOAD build/startup_stm32g030xx.o
LOAD /usr/local/Cellar/arm-none-eabi-gcc/9-2019-q4-major/gcc/bin/../lib/gcc/arm-none-eabi/9.2.1/../../../../arm-none-eabi/lib/thumb/v6-m/nofp/libc_nano.a
LOAD /usr/local/Cellar/arm-none-eabi-gcc/9-2019-q4-major/gcc/bin/../lib/gcc/arm-none-eabi/9.2.1/../../../../arm-none-eabi/lib/thumb/v6-m/nofp/libm.a
LOAD /usr/local/Cellar/arm-none-eabi-gcc/9-2019-q4-major/gcc/bin/../lib/gcc/arm-none-eabi/9.2.1/../../../../arm-none-eabi/lib/thumb/v6-m/nofp/libnosys.a
START GROUP
LOAD /usr/local/Cellar/arm-none-eabi-gcc/9-2019-q4-major/gcc/bin/../lib/gcc/arm-none-eabi/9.2.1/thumb/v6-m/nofp/libgcc.a
LOAD /usr/local/Cellar/arm-none-eabi-gcc/9-2019-q4-major/gcc/bin/../lib/gcc/arm-none-eabi/9.2.1/../../../../arm-none-eabi/lib/thumb/v6-m/nofp/libc_nano.a
END GROUP
START GROUP
LOAD /usr/local/Cellar/arm-none-eabi-gcc/9-2019-q4-major/gcc/bin/../lib/gcc/arm-none-eabi/9.2.1/thumb/v6-m/nofp/libgcc.a
LOAD /usr/local/Cellar/arm-none-eabi-gcc/9-2019-q4-major/gcc/bin/../lib/gcc/arm-none-eabi/9.2.1/../../../../arm-none-eabi/lib/thumb/v6-m/nofp/libc_nano.a
END GROUP
LOAD /usr/local/Cellar/arm-none-eabi-gcc/9-2019-q4-major/gcc/bin/../lib/gcc/arm-none-eabi/9.2.1/thumb/v6-m/nofp/crtend.o
LOAD /usr/local/Cellar/arm-none-eabi-gcc/9-2019-q4-major/gcc/bin/../lib/gcc/arm-none-eabi/9.2.1/thumb/v6-m/nofp/crtn.o
                0x0000000020002000                _estack = 0x20002000
                0x0000000000000200                _Min_Heap_Size = 0x200
                0x0000000000000400                _Min_Stack_Size = 0x400

.isr_vector     0x0000000008000000       0xb8
                0x0000000008000000                . = ALIGN (0x4)
 *(.isr_vector)
 .isr_vector    0x0000000008000000       0xb8 build/startup_stm32g030xx.o
                0x0000000008000000                g_pfnVectors
                0x00000000080000b8                . = ALIGN (0x4)

.text           0x00000000080000b8      0xed4
                0x00000000080000b8                . = ALIGN (0x4)
 *(.text)
 .text          0x00000000080000b8       0x48 /usr/local/Cellar/arm-none-eabi-gcc/9-2019-q4-major/gcc/bin/../lib/gcc/arm-none-eabi/9.2.1/thumb/v6-m/nofp/crtbegin.o
 .text          0x0000000008000100      0x114 /usr/local/Cellar/arm-none-eabi-gcc/9-2019-q4-major/gcc/bin/../lib/gcc/arm-none-eabi/9.2.1/thumb/v6-m/nofp/libgcc.a(_udivsi3.o)
                0x0000000008000100                __udivsi3
                0x0000000008000100                __aeabi_uidiv
                0x000000000800020c                __aeabi_uidivmod
 .text          0x0000000008000214        0x4 /usr/local/Cellar/arm-none-eabi-gcc/9-2019-q4-major/gcc/bin/../lib/gcc/arm-none-eabi/9.2.1/thumb/v6-m/nofp/libgcc.a(_dvmd_tls.o)
                0x0000000008000214                __aeabi_ldiv0
                0x0000000008000214                __aeabi_idiv0
 *(.text*)
 .text.MX_GPIO_Init
                0x0000000008000218       0x4c build/main.o
 .text.SystemClock_Config
                0x0000000008000264       0x4e build/main.o
                0x0000000008000264                SystemClock_Config
 .text.display_led
                0x00000000080002b2       0x32 build/main.o
                0x00000000080002b2                display_led
 .text.turn_off_display
                0x00000000080002e4        0xa build/main.o
                0x00000000080002e4                turn_off_display
 .text.display_8_bit_frame
                0x00000000080002ee       0x34 build/main.o
                0x00000000080002ee                display_8_bit_frame
 *fill*         0x0000000008000322        0x2 
 .text.main     0x0000000008000324      0x110 build/main.o
                0x0000000008000324                main
 .text.NMI_Handler
                0x0000000008000434        0x2 build/stm32g0xx_it.o
                0x0000000008000434                NMI_Handler
 .text.HardFault_Handler
                0x0000000008000436        0x2 build/stm32g0xx_it.o
                0x0000000008000436                HardFault_Handler
 .text.SVC_Handler
                0x0000000008000438        0x2 build/stm32g0xx_it.o
                0x0000000008000438                SVC_Handler
 .text.PendSV_Handler
                0x000000000800043a        0x2 build/stm32g0xx_it.o
                0x000000000800043a                PendSV_Handler
 .text.SysTick_Handler
                0x000000000800043c        0x8 build/stm32g0xx_it.o
                0x000000000800043c                SysTick_Handler
 .text.HAL_MspInit
                0x0000000008000444       0x30 build/stm32g0xx_hal_msp.o
                0x0000000008000444                HAL_MspInit
 .text.HAL_GPIO_Init
                0x0000000008000474      0x194 build/stm32g0xx_hal_gpio.o
                0x0000000008000474                HAL_GPIO_Init
 .text.HAL_GPIO_WritePin
                0x0000000008000608        0xc build/stm32g0xx_hal_gpio.o
                0x0000000008000608                HAL_GPIO_WritePin
 .text.HAL_RCC_OscConfig
                0x0000000008000614      0x4ac build/stm32g0xx_hal_rcc.o
                0x0000000008000614                HAL_RCC_OscConfig
 .text.HAL_RCC_GetSysClockFreq
                0x0000000008000ac0       0xb8 build/stm32g0xx_hal_rcc.o
                0x0000000008000ac0                HAL_RCC_GetSysClockFreq
 .text.HAL_RCC_ClockConfig
                0x0000000008000b78      0x18c build/stm32g0xx_hal_rcc.o
                0x0000000008000b78                HAL_RCC_ClockConfig
 .text.HAL_PWREx_ControlVoltageScaling
                0x0000000008000d04       0x54 build/stm32g0xx_hal_pwr_ex.o
                0x0000000008000d04                HAL_PWREx_ControlVoltageScaling
 .text.HAL_NVIC_SetPriority
                0x0000000008000d58       0x60 build/stm32g0xx_hal_cortex.o
                0x0000000008000d58                HAL_NVIC_SetPriority
 .text.HAL_SYSTICK_Config
                0x0000000008000db8       0x38 build/stm32g0xx_hal_cortex.o
                0x0000000008000db8                HAL_SYSTICK_Config
 .text.HAL_InitTick
                0x0000000008000df0       0x58 build/stm32g0xx_hal.o
                0x0000000008000df0                HAL_InitTick
 .text.HAL_Init
                0x0000000008000e48       0x28 build/stm32g0xx_hal.o
                0x0000000008000e48                HAL_Init
 .text.HAL_IncTick
                0x0000000008000e70       0x18 build/stm32g0xx_hal.o
                0x0000000008000e70                HAL_IncTick
 .text.HAL_GetTick
                0x0000000008000e88        0xc build/stm32g0xx_hal.o
                0x0000000008000e88                HAL_GetTick
 .text.HAL_Delay
                0x0000000008000e94       0x24 build/stm32g0xx_hal.o
                0x0000000008000e94                HAL_Delay
 .text.SystemInit
                0x0000000008000eb8       0x10 build/system_stm32g0xx.o
                0x0000000008000eb8                SystemInit
 .text.Reset_Handler
                0x0000000008000ec8       0x50 build/startup_stm32g030xx.o
                0x0000000008000ec8                Reset_Handler
 .text.Default_Handler
                0x0000000008000f18        0x2 build/startup_stm32g030xx.o
                0x0000000008000f18                TIM1_BRK_UP_TRG_COM_IRQHandler
                0x0000000008000f18                I2C1_IRQHandler
                0x0000000008000f18                RTC_TAMP_IRQHandler
                0x0000000008000f18                SPI1_IRQHandler
                0x0000000008000f18                DMA1_Ch4_5_DMAMUX1_OVR_IRQHandler
                0x0000000008000f18                EXTI2_3_IRQHandler
                0x0000000008000f18                ADC1_IRQHandler
                0x0000000008000f18                I2C2_IRQHandler
                0x0000000008000f18                TIM17_IRQHandler
                0x0000000008000f18                TIM16_IRQHandler
                0x0000000008000f18                TIM3_IRQHandler
                0x0000000008000f18                EXTI4_15_IRQHandler
                0x0000000008000f18                RCC_IRQHandler
                0x0000000008000f18                DMA1_Channel1_IRQHandler
                0x0000000008000f18                Default_Handler
                0x0000000008000f18                TIM14_IRQHandler
                0x0000000008000f18                EXTI0_1_IRQHandler
                0x0000000008000f18                SPI2_IRQHandler
                0x0000000008000f18                WWDG_IRQHandler
                0x0000000008000f18                DMA1_Channel2_3_IRQHandler
                0x0000000008000f18                USART2_IRQHandler
                0x0000000008000f18                FLASH_IRQHandler
                0x0000000008000f18                USART1_IRQHandler
                0x0000000008000f18                TIM1_CC_IRQHandler
 *fill*         0x0000000008000f1a        0x2 
 .text.__libc_init_array
                0x0000000008000f1c       0x48 /usr/local/Cellar/arm-none-eabi-gcc/9-2019-q4-major/gcc/bin/../lib/gcc/arm-none-eabi/9.2.1/../../../../arm-none-eabi/lib/thumb/v6-m/nofp/libc_nano.a(lib_a-init.o)
                0x0000000008000f1c                __libc_init_array
 .text.memset   0x0000000008000f64       0x10 /usr/local/Cellar/arm-none-eabi-gcc/9-2019-q4-major/gcc/bin/../lib/gcc/arm-none-eabi/9.2.1/../../../../arm-none-eabi/lib/thumb/v6-m/nofp/libc_nano.a(lib_a-memset.o)
                0x0000000008000f64                memset
 *(.glue_7)
 .glue_7        0x0000000008000f74        0x0 linker stubs
 *(.glue_7t)
 .glue_7t       0x0000000008000f74        0x0 linker stubs
 *(.eh_frame)
 .eh_frame      0x0000000008000f74        0x0 /usr/local/Cellar/arm-none-eabi-gcc/9-2019-q4-major/gcc/bin/../lib/gcc/arm-none-eabi/9.2.1/thumb/v6-m/nofp/crtbegin.o
 *(.init)
 .init          0x0000000008000f74        0x4 /usr/local/Cellar/arm-none-eabi-gcc/9-2019-q4-major/gcc/bin/../lib/gcc/arm-none-eabi/9.2.1/thumb/v6-m/nofp/crti.o
                0x0000000008000f74                _init
 .init          0x0000000008000f78        0x8 /usr/local/Cellar/arm-none-eabi-gcc/9-2019-q4-major/gcc/bin/../lib/gcc/arm-none-eabi/9.2.1/thumb/v6-m/nofp/crtn.o
 *(.fini)
 .fini          0x0000000008000f80        0x4 /usr/local/Cellar/arm-none-eabi-gcc/9-2019-q4-major/gcc/bin/../lib/gcc/arm-none-eabi/9.2.1/thumb/v6-m/nofp/crti.o
                0x0000000008000f80                _fini
 .fini          0x0000000008000f84        0x8 /usr/local/Cellar/arm-none-eabi-gcc/9-2019-q4-major/gcc/bin/../lib/gcc/arm-none-eabi/9.2.1/thumb/v6-m/nofp/crtn.o
                0x0000000008000f8c                . = ALIGN (0x4)
                0x0000000008000f8c                _etext = .

.vfp11_veneer   0x0000000008000f8c        0x0
 .vfp11_veneer  0x0000000008000f8c        0x0 linker stubs

.v4_bx          0x0000000008000f8c        0x0
 .v4_bx         0x0000000008000f8c        0x0 linker stubs

.iplt           0x0000000008000f8c        0x0
 .iplt          0x0000000008000f8c        0x0 /usr/local/Cellar/arm-none-eabi-gcc/9-2019-q4-major/gcc/bin/../lib/gcc/arm-none-eabi/9.2.1/thumb/v6-m/nofp/crtbegin.o

.rodata         0x0000000008000f8c       0x40
                0x0000000008000f8c                . = ALIGN (0x4)
 *(.rodata)
 *(.rodata*)
 .rodata.AHBPrescTable
                0x0000000008000f8c       0x40 build/system_stm32g0xx.o
                0x0000000008000f8c                AHBPrescTable
                0x0000000008000fcc                . = ALIGN (0x4)

.rel.dyn        0x0000000008000fcc        0x0
 .rel.iplt      0x0000000008000fcc        0x0 /usr/local/Cellar/arm-none-eabi-gcc/9-2019-q4-major/gcc/bin/../lib/gcc/arm-none-eabi/9.2.1/thumb/v6-m/nofp/crtbegin.o

.ARM.extab
 *(.ARM.extab* .gnu.linkonce.armextab.*)

.ARM            0x0000000008000fcc        0x0
                0x0000000008000fcc                __exidx_start = .
 *(.ARM.exidx*)
                0x0000000008000fcc                __exidx_end = .

.preinit_array  0x0000000008000fcc        0x0
                0x0000000008000fcc                PROVIDE (__preinit_array_start = .)
 *(.preinit_array*)
                0x0000000008000fcc                PROVIDE (__preinit_array_end = .)

.init_array     0x0000000008000fcc        0x4
                0x0000000008000fcc                PROVIDE (__init_array_start = .)
 *(SORT_BY_NAME(.init_array.*))
 *(.init_array*)
 .init_array    0x0000000008000fcc        0x4 /usr/local/Cellar/arm-none-eabi-gcc/9-2019-q4-major/gcc/bin/../lib/gcc/arm-none-eabi/9.2.1/thumb/v6-m/nofp/crtbegin.o
                0x0000000008000fd0                PROVIDE (__init_array_end = .)

.fini_array     0x0000000008000fd0        0x4
                [!provide]                        PROVIDE (__fini_array_start = .)
 *(SORT_BY_NAME(.fini_array.*))
 *(.fini_array*)
 .fini_array    0x0000000008000fd0        0x4 /usr/local/Cellar/arm-none-eabi-gcc/9-2019-q4-major/gcc/bin/../lib/gcc/arm-none-eabi/9.2.1/thumb/v6-m/nofp/crtbegin.o
                [!provide]                        PROVIDE (__fini_array_end = .)
                0x0000000008000fd4                _sidata = LOADADDR (.data)

.data           0x0000000020000000       0x8c load address 0x0000000008000fd4
                0x0000000020000000                . = ALIGN (0x4)
                0x0000000020000000                _sdata = .
 *(.data)
 *(.data*)
 .data.hi       0x0000000020000000        0x7 build/main.o
                0x0000000020000000                hi
 *fill*         0x0000000020000007        0x1 
 .data.smile    0x0000000020000008        0x7 build/main.o
                0x0000000020000008                smile
 *fill*         0x000000002000000f        0x1 
 .data.website_url
                0x0000000020000010       0x38 build/main.o
                0x0000000020000010                website_url
 .data.website_url2
                0x0000000020000048       0x38 build/main.o
                0x0000000020000048                website_url2
 .data.uwTickFreq
                0x0000000020000080        0x4 build/stm32g0xx_hal.o
                0x0000000020000080                uwTickFreq
 .data.uwTickPrio
                0x0000000020000084        0x4 build/stm32g0xx_hal.o
                0x0000000020000084                uwTickPrio
 .data.SystemCoreClock
                0x0000000020000088        0x4 build/system_stm32g0xx.o
                0x0000000020000088                SystemCoreClock
                0x000000002000008c                . = ALIGN (0x4)
                0x000000002000008c                _edata = .

.igot.plt       0x000000002000008c        0x0 load address 0x0000000008001060
 .igot.plt      0x000000002000008c        0x0 /usr/local/Cellar/arm-none-eabi-gcc/9-2019-q4-major/gcc/bin/../lib/gcc/arm-none-eabi/9.2.1/thumb/v6-m/nofp/crtbegin.o
                0x000000002000008c                . = ALIGN (0x4)

.bss            0x000000002000008c       0x20 load address 0x0000000008001060
                0x000000002000008c                _sbss = .
                0x000000002000008c                __bss_start__ = _sbss
 *(.bss)
 .bss           0x000000002000008c       0x1c /usr/local/Cellar/arm-none-eabi-gcc/9-2019-q4-major/gcc/bin/../lib/gcc/arm-none-eabi/9.2.1/thumb/v6-m/nofp/crtbegin.o
 *(.bss*)
 *(COMMON)
 COMMON         0x00000000200000a8        0x4 build/stm32g0xx_hal.o
                0x00000000200000a8                uwTick
                0x00000000200000ac                . = ALIGN (0x4)
                0x00000000200000ac                _ebss = .
                0x00000000200000ac                __bss_end__ = _ebss

._user_heap_stack
                0x00000000200000ac      0x604 load address 0x0000000008001060
                0x00000000200000b0                . = ALIGN (0x8)
 *fill*         0x00000000200000ac        0x4 
                [!provide]                        PROVIDE (end = .)
                [!provide]                        PROVIDE (_end = .)
                0x00000000200002b0                . = (. + _Min_Heap_Size)
 *fill*         0x00000000200000b0      0x200 
                0x00000000200006b0                . = (. + _Min_Stack_Size)
 *fill*         0x00000000200002b0      0x400 
                0x00000000200006b0                . = ALIGN (0x8)

/DISCARD/
 libc.a(*)
 libm.a(*)
 libgcc.a(*)

.ARM.attributes
                0x0000000000000000       0x28
 *(.ARM.attributes)
 .ARM.attributes
                0x0000000000000000       0x1e /usr/local/Cellar/arm-none-eabi-gcc/9-2019-q4-major/gcc/bin/../lib/gcc/arm-none-eabi/9.2.1/thumb/v6-m/nofp/crti.o
 .ARM.attributes
                0x000000000000001e       0x2c /usr/local/Cellar/arm-none-eabi-gcc/9-2019-q4-major/gcc/bin/../lib/gcc/arm-none-eabi/9.2.1/thumb/v6-m/nofp/crtbegin.o
 .ARM.attributes
                0x000000000000004a       0x2c build/main.o
 .ARM.attributes
                0x0000000000000076       0x2c build/stm32g0xx_it.o
 .ARM.attributes
                0x00000000000000a2       0x2c build/stm32g0xx_hal_msp.o
 .ARM.attributes
                0x00000000000000ce       0x2c build/stm32g0xx_hal_gpio.o
 .ARM.attributes
                0x00000000000000fa       0x2c build/stm32g0xx_hal_rcc.o
 .ARM.attributes
                0x0000000000000126       0x2c build/stm32g0xx_hal_pwr_ex.o
 .ARM.attributes
                0x0000000000000152       0x2c build/stm32g0xx_hal_cortex.o
 .ARM.attributes
                0x000000000000017e       0x2c build/stm32g0xx_hal.o
 .ARM.attributes
                0x00000000000001aa       0x2c build/system_stm32g0xx.o
 .ARM.attributes
                0x00000000000001d6       0x21 build/startup_stm32g030xx.o
 .ARM.attributes
                0x00000000000001f7       0x2c /usr/local/Cellar/arm-none-eabi-gcc/9-2019-q4-major/gcc/bin/../lib/gcc/arm-none-eabi/9.2.1/../../../../arm-none-eabi/lib/thumb/v6-m/nofp/libc_nano.a(lib_a-init.o)
 .ARM.attributes
                0x0000000000000223       0x2c /usr/local/Cellar/arm-none-eabi-gcc/9-2019-q4-major/gcc/bin/../lib/gcc/arm-none-eabi/9.2.1/../../../../arm-none-eabi/lib/thumb/v6-m/nofp/libc_nano.a(lib_a-memset.o)
 .ARM.attributes
                0x000000000000024f       0x1e /usr/local/Cellar/arm-none-eabi-gcc/9-2019-q4-major/gcc/bin/../lib/gcc/arm-none-eabi/9.2.1/thumb/v6-m/nofp/libgcc.a(_udivsi3.o)
 .ARM.attributes
                0x000000000000026d       0x1e /usr/local/Cellar/arm-none-eabi-gcc/9-2019-q4-major/gcc/bin/../lib/gcc/arm-none-eabi/9.2.1/thumb/v6-m/nofp/libgcc.a(_dvmd_tls.o)
 .ARM.attributes
                0x000000000000028b       0x1e /usr/local/Cellar/arm-none-eabi-gcc/9-2019-q4-major/gcc/bin/../lib/gcc/arm-none-eabi/9.2.1/thumb/v6-m/nofp/crtn.o
OUTPUT(build/business-card-v3-code.elf elf32-littlearm)

.debug_info     0x0000000000000000     0x49d6
 .debug_info    0x0000000000000000      0xba8 build/main.o
 .debug_info    0x0000000000000ba8      0x24c build/stm32g0xx_it.o
 .debug_info    0x0000000000000df4      0x3b5 build/stm32g0xx_hal_msp.o
 .debug_info    0x00000000000011a9      0x75e build/stm32g0xx_hal_gpio.o
 .debug_info    0x0000000000001907      0xe63 build/stm32g0xx_hal_rcc.o
 .debug_info    0x000000000000276a      0x677 build/stm32g0xx_hal_pwr_ex.o
 .debug_info    0x0000000000002de1      0xbd0 build/stm32g0xx_hal_cortex.o
 .debug_info    0x00000000000039b1      0xb06 build/stm32g0xx_hal.o
 .debug_info    0x00000000000044b7      0x4fd build/system_stm32g0xx.o
 .debug_info    0x00000000000049b4       0x22 build/startup_stm32g030xx.o

.debug_abbrev   0x0000000000000000     0x139e
 .debug_abbrev  0x0000000000000000      0x2f8 build/main.o
 .debug_abbrev  0x00000000000002f8      0x112 build/stm32g0xx_it.o
 .debug_abbrev  0x000000000000040a      0x13c build/stm32g0xx_hal_msp.o
 .debug_abbrev  0x0000000000000546      0x24e build/stm32g0xx_hal_gpio.o
 .debug_abbrev  0x0000000000000794      0x2b9 build/stm32g0xx_hal_rcc.o
 .debug_abbrev  0x0000000000000a4d      0x23e build/stm32g0xx_hal_pwr_ex.o
 .debug_abbrev  0x0000000000000c8b      0x2dc build/stm32g0xx_hal_cortex.o
 .debug_abbrev  0x0000000000000f67      0x2bb build/stm32g0xx_hal.o
 .debug_abbrev  0x0000000000001222      0x16a build/system_stm32g0xx.o
 .debug_abbrev  0x000000000000138c       0x12 build/startup_stm32g030xx.o

.debug_loc      0x0000000000000000     0x1987
 .debug_loc     0x0000000000000000      0x296 build/main.o
 .debug_loc     0x0000000000000296       0x20 build/stm32g0xx_it.o
 .debug_loc     0x00000000000002b6       0x20 build/stm32g0xx_hal_msp.o
 .debug_loc     0x00000000000002d6      0x439 build/stm32g0xx_hal_gpio.o
 .debug_loc     0x000000000000070f      0x7b6 build/stm32g0xx_hal_rcc.o
 .debug_loc     0x0000000000000ec5      0x320 build/stm32g0xx_hal_pwr_ex.o
 .debug_loc     0x00000000000011e5      0x498 build/stm32g0xx_hal_cortex.o
 .debug_loc     0x000000000000167d      0x241 build/stm32g0xx_hal.o
 .debug_loc     0x00000000000018be       0xc9 build/system_stm32g0xx.o

.debug_aranges  0x0000000000000000      0x418
 .debug_aranges
                0x0000000000000000       0x50 build/main.o
 .debug_aranges
                0x0000000000000050       0x40 build/stm32g0xx_it.o
 .debug_aranges
                0x0000000000000090       0x20 build/stm32g0xx_hal_msp.o
 .debug_aranges
                0x00000000000000b0       0x60 build/stm32g0xx_hal_gpio.o
 .debug_aranges
                0x0000000000000110       0x90 build/stm32g0xx_hal_rcc.o
 .debug_aranges
                0x00000000000001a0       0x98 build/stm32g0xx_hal_pwr_ex.o
 .debug_aranges
                0x0000000000000238       0x90 build/stm32g0xx_hal_cortex.o
 .debug_aranges
                0x00000000000002c8      0x100 build/stm32g0xx_hal.o
 .debug_aranges
                0x00000000000003c8       0x28 build/system_stm32g0xx.o
 .debug_aranges
                0x00000000000003f0       0x28 build/startup_stm32g030xx.o

.debug_ranges   0x0000000000000000      0x448
 .debug_ranges  0x0000000000000000       0x88 build/main.o
 .debug_ranges  0x0000000000000088       0x30 build/stm32g0xx_it.o
 .debug_ranges  0x00000000000000b8       0x10 build/stm32g0xx_hal_msp.o
 .debug_ranges  0x00000000000000c8       0x50 build/stm32g0xx_hal_gpio.o
 .debug_ranges  0x0000000000000118       0xa0 build/stm32g0xx_hal_rcc.o
 .debug_ranges  0x00000000000001b8       0x88 build/stm32g0xx_hal_pwr_ex.o
 .debug_ranges  0x0000000000000240       0xe0 build/stm32g0xx_hal_cortex.o
 .debug_ranges  0x0000000000000320       0xf0 build/stm32g0xx_hal.o
 .debug_ranges  0x0000000000000410       0x18 build/system_stm32g0xx.o
 .debug_ranges  0x0000000000000428       0x20 build/startup_stm32g030xx.o

.debug_line     0x0000000000000000     0x3305
 .debug_line    0x0000000000000000      0x5bd build/main.o
 .debug_line    0x00000000000005bd      0x217 build/stm32g0xx_it.o
 .debug_line    0x00000000000007d4      0x1da build/stm32g0xx_hal_msp.o
 .debug_line    0x00000000000009ae      0x6cb build/stm32g0xx_hal_gpio.o
 .debug_line    0x0000000000001079      0xd2d build/stm32g0xx_hal_rcc.o
 .debug_line    0x0000000000001da6      0x571 build/stm32g0xx_hal_pwr_ex.o
 .debug_line    0x0000000000002317      0x6be build/stm32g0xx_hal_cortex.o
 .debug_line    0x00000000000029d5      0x5d7 build/stm32g0xx_hal.o
 .debug_line    0x0000000000002fac      0x2e2 build/system_stm32g0xx.o
 .debug_line    0x000000000000328e       0x77 build/startup_stm32g030xx.o

.debug_str      0x0000000000000000     0x1498
 .debug_str     0x0000000000000000      0x5b5 build/main.o
                                        0x62b (size before relaxing)
 .debug_str     0x00000000000005b5       0x68 build/stm32g0xx_it.o
                                        0x2b3 (size before relaxing)
 .debug_str     0x000000000000061d       0x24 build/stm32g0xx_hal_msp.o
                                        0x333 (size before relaxing)
 .debug_str     0x0000000000000641      0x171 build/stm32g0xx_hal_gpio.o
                                        0x4b6 (size before relaxing)
 .debug_str     0x00000000000007b2      0x295 build/stm32g0xx_hal_rcc.o
                                        0x7d1 (size before relaxing)
 .debug_str     0x0000000000000a47      0x253 build/stm32g0xx_hal_pwr_ex.o
                                        0x583 (size before relaxing)
 .debug_str     0x0000000000000c9a      0x511 build/stm32g0xx_hal_cortex.o
                                        0x7c5 (size before relaxing)
 .debug_str     0x00000000000011ab      0x291 build/stm32g0xx_hal.o
                                        0x835 (size before relaxing)
 .debug_str     0x000000000000143c       0x38 build/system_stm32g0xx.o
                                        0x387 (size before relaxing)
 .debug_str     0x0000000000001474       0x24 build/startup_stm32g030xx.o
                                         0x4c (size before relaxing)

.comment        0x0000000000000000       0x79
 .comment       0x0000000000000000       0x79 build/main.o
                                         0x7a (size before relaxing)
 .comment       0x0000000000000079       0x7a build/stm32g0xx_it.o
 .comment       0x0000000000000079       0x7a build/stm32g0xx_hal_msp.o
 .comment       0x0000000000000079       0x7a build/stm32g0xx_hal_gpio.o
 .comment       0x0000000000000079       0x7a build/stm32g0xx_hal_rcc.o
 .comment       0x0000000000000079       0x7a build/stm32g0xx_hal_pwr_ex.o
 .comment       0x0000000000000079       0x7a build/stm32g0xx_hal_cortex.o
 .comment       0x0000000000000079       0x7a build/stm32g0xx_hal.o
 .comment       0x0000000000000079       0x7a build/system_stm32g0xx.o

.debug_frame    0x0000000000000000      0x8cc
 .debug_frame   0x0000000000000000       0xcc build/main.o
 .debug_frame   0x00000000000000cc       0x6c build/stm32g0xx_it.o
 .debug_frame   0x0000000000000138       0x24 build/stm32g0xx_hal_msp.o
 .debug_frame   0x000000000000015c       0xec build/stm32g0xx_hal_gpio.o
 .debug_frame   0x0000000000000248      0x178 build/stm32g0xx_hal_rcc.o
 .debug_frame   0x00000000000003c0      0x128 build/stm32g0xx_hal_pwr_ex.o
 .debug_frame   0x00000000000004e8      0x11c build/stm32g0xx_hal_cortex.o
 .debug_frame   0x0000000000000604      0x220 build/stm32g0xx_hal.o
 .debug_frame   0x0000000000000824       0x3c build/system_stm32g0xx.o
 .debug_frame   0x0000000000000860       0x2c /usr/local/Cellar/arm-none-eabi-gcc/9-2019-q4-major/gcc/bin/../lib/gcc/arm-none-eabi/9.2.1/../../../../arm-none-eabi/lib/thumb/v6-m/nofp/libc_nano.a(lib_a-init.o)
 .debug_frame   0x000000000000088c       0x20 /usr/local/Cellar/arm-none-eabi-gcc/9-2019-q4-major/gcc/bin/../lib/gcc/arm-none-eabi/9.2.1/../../../../arm-none-eabi/lib/thumb/v6-m/nofp/libc_nano.a(lib_a-memset.o)
 .debug_frame   0x00000000000008ac       0x20 /usr/local/Cellar/arm-none-eabi-gcc/9-2019-q4-major/gcc/bin/../lib/gcc/arm-none-eabi/9.2.1/thumb/v6-m/nofp/libgcc.a(_udivsi3.o)

Cross Reference Table

Symbol                                            File
ADC1_IRQHandler                                   build/startup_stm32g030xx.o
AHBPrescTable                                     build/system_stm32g0xx.o
                                                  build/stm32g0xx_hal_rcc.o
APBPrescTable                                     build/system_stm32g0xx.o
                                                  build/stm32g0xx_hal_rcc.o
DMA1_Ch4_5_DMAMUX1_OVR_IRQHandler                 build/startup_stm32g030xx.o
DMA1_Channel1_IRQHandler                          build/startup_stm32g030xx.o
DMA1_Channel2_3_IRQHandler                        build/startup_stm32g030xx.o
Default_Handler                                   build/startup_stm32g030xx.o
EXTI0_1_IRQHandler                                build/startup_stm32g030xx.o
EXTI2_3_IRQHandler                                build/startup_stm32g030xx.o
EXTI4_15_IRQHandler                               build/startup_stm32g030xx.o
Error_Handler                                     build/main.o
FLASH_FlushCaches                                 build/stm32g0xx_hal_flash_ex.o
FLASH_IRQHandler                                  build/startup_stm32g030xx.o
FLASH_PageErase                                   build/stm32g0xx_hal_flash_ex.o
                                                  build/stm32g0xx_hal_flash.o
FLASH_WaitForLastOperation                        build/stm32g0xx_hal_flash.o
                                                  build/stm32g0xx_hal_flash_ex.o
HAL_DBGMCU_DisableDBGStandbyMode                  build/stm32g0xx_hal.o
HAL_DBGMCU_DisableDBGStopMode                     build/stm32g0xx_hal.o
HAL_DBGMCU_EnableDBGStandbyMode                   build/stm32g0xx_hal.o
HAL_DBGMCU_EnableDBGStopMode                      build/stm32g0xx_hal.o
HAL_DMAEx_ConfigMuxRequestGenerator               build/stm32g0xx_hal_dma_ex.o
HAL_DMAEx_ConfigMuxSync                           build/stm32g0xx_hal_dma_ex.o
HAL_DMAEx_DisableMuxRequestGenerator              build/stm32g0xx_hal_dma_ex.o
HAL_DMAEx_EnableMuxRequestGenerator               build/stm32g0xx_hal_dma_ex.o
HAL_DMAEx_MUX_IRQHandler                          build/stm32g0xx_hal_dma_ex.o
HAL_DMA_Abort                                     build/stm32g0xx_hal_dma.o
HAL_DMA_Abort_IT                                  build/stm32g0xx_hal_dma.o
HAL_DMA_DeInit                                    build/stm32g0xx_hal_dma.o
HAL_DMA_GetError                                  build/stm32g0xx_hal_dma.o
HAL_DMA_GetState                                  build/stm32g0xx_hal_dma.o
HAL_DMA_IRQHandler                                build/stm32g0xx_hal_dma.o
HAL_DMA_Init                                      build/stm32g0xx_hal_dma.o
HAL_DMA_PollForTransfer                           build/stm32g0xx_hal_dma.o
HAL_DMA_RegisterCallback                          build/stm32g0xx_hal_dma.o
HAL_DMA_Start                                     build/stm32g0xx_hal_dma.o
HAL_DMA_Start_IT                                  build/stm32g0xx_hal_dma.o
HAL_DMA_UnRegisterCallback                        build/stm32g0xx_hal_dma.o
HAL_DeInit                                        build/stm32g0xx_hal.o
HAL_Delay                                         build/stm32g0xx_hal.o
                                                  build/main.o
HAL_EXTI_ClearConfigLine                          build/stm32g0xx_hal_exti.o
HAL_EXTI_ClearPending                             build/stm32g0xx_hal_exti.o
HAL_EXTI_GenerateSWI                              build/stm32g0xx_hal_exti.o
HAL_EXTI_GetConfigLine                            build/stm32g0xx_hal_exti.o
HAL_EXTI_GetHandle                                build/stm32g0xx_hal_exti.o
HAL_EXTI_GetPending                               build/stm32g0xx_hal_exti.o
HAL_EXTI_IRQHandler                               build/stm32g0xx_hal_exti.o
HAL_EXTI_RegisterCallback                         build/stm32g0xx_hal_exti.o
HAL_EXTI_SetConfigLine                            build/stm32g0xx_hal_exti.o
HAL_FLASHEx_Erase                                 build/stm32g0xx_hal_flash_ex.o
HAL_FLASHEx_Erase_IT                              build/stm32g0xx_hal_flash_ex.o
HAL_FLASHEx_FlashEmptyCheck                       build/stm32g0xx_hal_flash_ex.o
HAL_FLASHEx_ForceFlashEmpty                       build/stm32g0xx_hal_flash_ex.o
HAL_FLASHEx_OBGetConfig                           build/stm32g0xx_hal_flash_ex.o
HAL_FLASHEx_OBProgram                             build/stm32g0xx_hal_flash_ex.o
HAL_FLASH_EndOfOperationCallback                  build/stm32g0xx_hal_flash.o
HAL_FLASH_GetError                                build/stm32g0xx_hal_flash.o
HAL_FLASH_IRQHandler                              build/stm32g0xx_hal_flash.o
HAL_FLASH_Lock                                    build/stm32g0xx_hal_flash.o
HAL_FLASH_OB_Launch                               build/stm32g0xx_hal_flash.o
HAL_FLASH_OB_Lock                                 build/stm32g0xx_hal_flash.o
HAL_FLASH_OB_Unlock                               build/stm32g0xx_hal_flash.o
HAL_FLASH_OperationErrorCallback                  build/stm32g0xx_hal_flash.o
HAL_FLASH_Program                                 build/stm32g0xx_hal_flash.o
HAL_FLASH_Program_IT                              build/stm32g0xx_hal_flash.o
HAL_FLASH_Unlock                                  build/stm32g0xx_hal_flash.o
HAL_GPIO_DeInit                                   build/stm32g0xx_hal_gpio.o
HAL_GPIO_EXTI_Falling_Callback                    build/stm32g0xx_hal_gpio.o
HAL_GPIO_EXTI_IRQHandler                          build/stm32g0xx_hal_gpio.o
HAL_GPIO_EXTI_Rising_Callback                     build/stm32g0xx_hal_gpio.o
HAL_GPIO_Init                                     build/stm32g0xx_hal_gpio.o
                                                  build/stm32g0xx_hal_rcc_ex.o
                                                  build/stm32g0xx_hal_rcc.o
                                                  build/main.o
HAL_GPIO_LockPin                                  build/stm32g0xx_hal_gpio.o
HAL_GPIO_ReadPin                                  build/stm32g0xx_hal_gpio.o
HAL_GPIO_TogglePin                                build/stm32g0xx_hal_gpio.o
HAL_GPIO_WritePin                                 build/stm32g0xx_hal_gpio.o
                                                  build/main.o
HAL_GetDEVID                                      build/stm32g0xx_hal.o
HAL_GetHalVersion                                 build/stm32g0xx_hal.o
HAL_GetREVID                                      build/stm32g0xx_hal.o
HAL_GetTick                                       build/stm32g0xx_hal.o
                                                  build/stm32g0xx_hal_dma.o
                                                  build/stm32g0xx_hal_flash.o
                                                  build/stm32g0xx_hal_rcc_ex.o
                                                  build/stm32g0xx_hal_rcc.o
HAL_GetTickFreq                                   build/stm32g0xx_hal.o
HAL_GetTickPrio                                   build/stm32g0xx_hal.o
HAL_GetUIDw0                                      build/stm32g0xx_hal.o
HAL_GetUIDw1                                      build/stm32g0xx_hal.o
HAL_GetUIDw2                                      build/stm32g0xx_hal.o
HAL_IncTick                                       build/stm32g0xx_hal.o
                                                  build/stm32g0xx_it.o
HAL_Init                                          build/stm32g0xx_hal.o
                                                  build/main.o
HAL_InitTick                                      build/stm32g0xx_hal.o
                                                  build/stm32g0xx_hal_rcc.o
HAL_MPU_ConfigRegion                              build/stm32g0xx_hal_cortex.o
HAL_MPU_Disable                                   build/stm32g0xx_hal_cortex.o
HAL_MPU_Enable                                    build/stm32g0xx_hal_cortex.o
HAL_MspDeInit                                     build/stm32g0xx_hal.o
HAL_MspInit                                       build/stm32g0xx_hal_msp.o
HAL_NVIC_ClearPendingIRQ                          build/stm32g0xx_hal_cortex.o
HAL_NVIC_DisableIRQ                               build/stm32g0xx_hal_cortex.o
HAL_NVIC_EnableIRQ                                build/stm32g0xx_hal_cortex.o
HAL_NVIC_GetPendingIRQ                            build/stm32g0xx_hal_cortex.o
HAL_NVIC_GetPriority                              build/stm32g0xx_hal_cortex.o
HAL_NVIC_SetPendingIRQ                            build/stm32g0xx_hal_cortex.o
HAL_NVIC_SetPriority                              build/stm32g0xx_hal_cortex.o
                                                  build/stm32g0xx_hal.o
HAL_NVIC_SystemReset                              build/stm32g0xx_hal_cortex.o
HAL_PWREx_ControlVoltageScaling                   build/stm32g0xx_hal_pwr_ex.o
                                                  build/main.o
HAL_PWREx_DisableBatteryCharging                  build/stm32g0xx_hal_pwr_ex.o
HAL_PWREx_DisableFlashPowerDown                   build/stm32g0xx_hal_pwr_ex.o
HAL_PWREx_DisableGPIOPullDown                     build/stm32g0xx_hal_pwr_ex.o
HAL_PWREx_DisableGPIOPullUp                       build/stm32g0xx_hal_pwr_ex.o
HAL_PWREx_DisableInternalWakeUpLine               build/stm32g0xx_hal_pwr_ex.o
HAL_PWREx_DisableLowPowerRunMode                  build/stm32g0xx_hal_pwr_ex.o
                                                  build/stm32g0xx_hal_pwr.o
HAL_PWREx_DisablePullUpPullDownConfig             build/stm32g0xx_hal_pwr_ex.o
HAL_PWREx_EnableBatteryCharging                   build/stm32g0xx_hal_pwr_ex.o
HAL_PWREx_EnableFlashPowerDown                    build/stm32g0xx_hal_pwr_ex.o
HAL_PWREx_EnableGPIOPullDown                      build/stm32g0xx_hal_pwr_ex.o
HAL_PWREx_EnableGPIOPullUp                        build/stm32g0xx_hal_pwr_ex.o
HAL_PWREx_EnableInternalWakeUpLine                build/stm32g0xx_hal_pwr_ex.o
HAL_PWREx_EnableLowPowerRunMode                   build/stm32g0xx_hal_pwr_ex.o
                                                  build/stm32g0xx_hal_pwr.o
HAL_PWREx_EnablePullUpPullDownConfig              build/stm32g0xx_hal_pwr_ex.o
HAL_PWREx_GetVoltageRange                         build/stm32g0xx_hal_pwr_ex.o
HAL_PWR_DeInit                                    build/stm32g0xx_hal_pwr.o
HAL_PWR_DisableBkUpAccess                         build/stm32g0xx_hal_pwr.o
                                                  build/stm32g0xx_hal_rcc_ex.o
HAL_PWR_DisableSEVOnPend                          build/stm32g0xx_hal_pwr.o
HAL_PWR_DisableSleepOnExit                        build/stm32g0xx_hal_pwr.o
HAL_PWR_DisableWakeUpPin                          build/stm32g0xx_hal_pwr.o
HAL_PWR_EnableBkUpAccess                          build/stm32g0xx_hal_pwr.o
                                                  build/stm32g0xx_hal_rcc_ex.o
HAL_PWR_EnableSEVOnPend                           build/stm32g0xx_hal_pwr.o
HAL_PWR_EnableSleepOnExit                         build/stm32g0xx_hal_pwr.o
HAL_PWR_EnableWakeUpPin                           build/stm32g0xx_hal_pwr.o
HAL_PWR_EnterSLEEPMode                            build/stm32g0xx_hal_pwr.o
HAL_PWR_EnterSTANDBYMode                          build/stm32g0xx_hal_pwr.o
HAL_PWR_EnterSTOPMode                             build/stm32g0xx_hal_pwr.o
HAL_RCCEx_DisableLSCO                             build/stm32g0xx_hal_rcc_ex.o
HAL_RCCEx_EnableLSCO                              build/stm32g0xx_hal_rcc_ex.o
HAL_RCCEx_GetPeriphCLKConfig                      build/stm32g0xx_hal_rcc_ex.o
HAL_RCCEx_GetPeriphCLKFreq                        build/stm32g0xx_hal_rcc_ex.o
HAL_RCCEx_PeriphCLKConfig                         build/stm32g0xx_hal_rcc_ex.o
HAL_RCC_CSSCallback                               build/stm32g0xx_hal_rcc.o
HAL_RCC_ClockConfig                               build/stm32g0xx_hal_rcc.o
                                                  build/main.o
HAL_RCC_DeInit                                    build/stm32g0xx_hal_rcc.o
HAL_RCC_DisableLSECSS                             build/stm32g0xx_hal_rcc.o
HAL_RCC_EnableCSS                                 build/stm32g0xx_hal_rcc.o
HAL_RCC_EnableLSECSS                              build/stm32g0xx_hal_rcc.o
HAL_RCC_GetClockConfig                            build/stm32g0xx_hal_rcc.o
HAL_RCC_GetHCLKFreq                               build/stm32g0xx_hal_rcc.o
HAL_RCC_GetOscConfig                              build/stm32g0xx_hal_rcc.o
HAL_RCC_GetPCLK1Freq                              build/stm32g0xx_hal_rcc.o
                                                  build/stm32g0xx_hal_rcc_ex.o
HAL_RCC_GetSysClockFreq                           build/stm32g0xx_hal_rcc.o
                                                  build/stm32g0xx_hal_rcc_ex.o
HAL_RCC_LSECSSCallback                            build/stm32g0xx_hal_rcc.o
HAL_RCC_MCOConfig                                 build/stm32g0xx_hal_rcc.o
HAL_RCC_NMI_IRQHandler                            build/stm32g0xx_hal_rcc.o
HAL_RCC_OscConfig                                 build/stm32g0xx_hal_rcc.o
                                                  build/main.o
HAL_ResumeTick                                    build/stm32g0xx_hal.o
HAL_SYSCFG_DisableClampingDiode                   build/stm32g0xx_hal.o
HAL_SYSCFG_DisableIOAnalogSwitchBooster           build/stm32g0xx_hal.o
HAL_SYSCFG_DisableRemap                           build/stm32g0xx_hal.o
HAL_SYSCFG_EnableClampingDiode                    build/stm32g0xx_hal.o
HAL_SYSCFG_EnableIOAnalogSwitchBooster            build/stm32g0xx_hal.o
HAL_SYSCFG_EnableRemap                            build/stm32g0xx_hal.o
HAL_SYSTICK_CLKSourceConfig                       build/stm32g0xx_hal_cortex.o
HAL_SYSTICK_Callback                              build/stm32g0xx_hal_cortex.o
HAL_SYSTICK_Config                                build/stm32g0xx_hal_cortex.o
                                                  build/stm32g0xx_hal.o
HAL_SYSTICK_IRQHandler                            build/stm32g0xx_hal_cortex.o
HAL_SetTickFreq                                   build/stm32g0xx_hal.o
HAL_SuspendTick                                   build/stm32g0xx_hal.o
HardFault_Handler                                 build/stm32g0xx_it.o
I2C1_IRQHandler                                   build/startup_stm32g030xx.o
I2C2_IRQHandler                                   build/startup_stm32g030xx.o
NMI_Handler                                       build/stm32g0xx_it.o
PendSV_Handler                                    build/stm32g0xx_it.o
RCC_IRQHandler                                    build/startup_stm32g030xx.o
RTC_TAMP_IRQHandler                               build/startup_stm32g030xx.o
Reset_Handler                                     build/startup_stm32g030xx.o
SPI1_IRQHandler                                   build/startup_stm32g030xx.o
SPI2_IRQHandler                                   build/startup_stm32g030xx.o
SVC_Handler                                       build/stm32g0xx_it.o
SysTick_Handler                                   build/stm32g0xx_it.o
SystemClock_Config                                build/main.o
SystemCoreClock                                   build/system_stm32g0xx.o
                                                  build/stm32g0xx_hal.o
                                                  build/stm32g0xx_hal_pwr_ex.o
                                                  build/stm32g0xx_hal_rcc.o
SystemCoreClockUpdate                             build/system_stm32g0xx.o
SystemInit                                        build/system_stm32g0xx.o
                                                  build/startup_stm32g030xx.o
TIM14_IRQHandler                                  build/startup_stm32g030xx.o
TIM16_IRQHandler                                  build/startup_stm32g030xx.o
TIM17_IRQHandler                                  build/startup_stm32g030xx.o
TIM1_BRK_UP_TRG_COM_IRQHandler                    build/startup_stm32g030xx.o
TIM1_CC_IRQHandler                                build/startup_stm32g030xx.o
TIM3_IRQHandler                                   build/startup_stm32g030xx.o
USART1_IRQHandler                                 build/startup_stm32g030xx.o
USART2_IRQHandler                                 build/startup_stm32g030xx.o
WWDG_IRQHandler                                   build/startup_stm32g030xx.o
__aeabi_idiv0                                     /usr/local/Cellar/arm-none-eabi-gcc/9-2019-q4-major/gcc/bin/../lib/gcc/arm-none-eabi/9.2.1/thumb/v6-m/nofp/libgcc.a(_dvmd_tls.o)
                                                  /usr/local/Cellar/arm-none-eabi-gcc/9-2019-q4-major/gcc/bin/../lib/gcc/arm-none-eabi/9.2.1/thumb/v6-m/nofp/libgcc.a(_udivsi3.o)
__aeabi_ldiv0                                     /usr/local/Cellar/arm-none-eabi-gcc/9-2019-q4-major/gcc/bin/../lib/gcc/arm-none-eabi/9.2.1/thumb/v6-m/nofp/libgcc.a(_dvmd_tls.o)
__aeabi_uidiv                                     /usr/local/Cellar/arm-none-eabi-gcc/9-2019-q4-major/gcc/bin/../lib/gcc/arm-none-eabi/9.2.1/thumb/v6-m/nofp/libgcc.a(_udivsi3.o)
                                                  build/system_stm32g0xx.o
                                                  build/stm32g0xx_hal.o
                                                  build/stm32g0xx_hal_pwr_ex.o
                                                  build/stm32g0xx_hal_dma.o
                                                  build/stm32g0xx_hal_rcc_ex.o
                                                  build/stm32g0xx_hal_rcc.o
__aeabi_uidivmod                                  /usr/local/Cellar/arm-none-eabi-gcc/9-2019-q4-major/gcc/bin/../lib/gcc/arm-none-eabi/9.2.1/thumb/v6-m/nofp/libgcc.a(_udivsi3.o)
__bss_end__                                       /usr/local/Cellar/arm-none-eabi-gcc/9-2019-q4-major/gcc/bin/../lib/gcc/arm-none-eabi/9.2.1/../../../../arm-none-eabi/lib/thumb/v6-m/nofp/crt0.o
__bss_start__                                     /usr/local/Cellar/arm-none-eabi-gcc/9-2019-q4-major/gcc/bin/../lib/gcc/arm-none-eabi/9.2.1/../../../../arm-none-eabi/lib/thumb/v6-m/nofp/crt0.o
__call_exitprocs                                  /usr/local/Cellar/arm-none-eabi-gcc/9-2019-q4-major/gcc/bin/../lib/gcc/arm-none-eabi/9.2.1/../../../../arm-none-eabi/lib/thumb/v6-m/nofp/libc_nano.a(lib_a-exit.o)
__deregister_frame_info                           /usr/local/Cellar/arm-none-eabi-gcc/9-2019-q4-major/gcc/bin/../lib/gcc/arm-none-eabi/9.2.1/thumb/v6-m/nofp/crtbegin.o
__dso_handle                                      /usr/local/Cellar/arm-none-eabi-gcc/9-2019-q4-major/gcc/bin/../lib/gcc/arm-none-eabi/9.2.1/thumb/v6-m/nofp/crtbegin.o
__init_array_end                                  /usr/local/Cellar/arm-none-eabi-gcc/9-2019-q4-major/gcc/bin/../lib/gcc/arm-none-eabi/9.2.1/../../../../arm-none-eabi/lib/thumb/v6-m/nofp/libc_nano.a(lib_a-init.o)
__init_array_start                                /usr/local/Cellar/arm-none-eabi-gcc/9-2019-q4-major/gcc/bin/../lib/gcc/arm-none-eabi/9.2.1/../../../../arm-none-eabi/lib/thumb/v6-m/nofp/libc_nano.a(lib_a-init.o)
__libc_fini_array                                 /usr/local/Cellar/arm-none-eabi-gcc/9-2019-q4-major/gcc/bin/../lib/gcc/arm-none-eabi/9.2.1/../../../../arm-none-eabi/lib/thumb/v6-m/nofp/crt0.o
__libc_init_array                                 /usr/local/Cellar/arm-none-eabi-gcc/9-2019-q4-major/gcc/bin/../lib/gcc/arm-none-eabi/9.2.1/../../../../arm-none-eabi/lib/thumb/v6-m/nofp/libc_nano.a(lib_a-init.o)
                                                  build/startup_stm32g030xx.o
                                                  /usr/local/Cellar/arm-none-eabi-gcc/9-2019-q4-major/gcc/bin/../lib/gcc/arm-none-eabi/9.2.1/../../../../arm-none-eabi/lib/thumb/v6-m/nofp/crt0.o
__preinit_array_end                               /usr/local/Cellar/arm-none-eabi-gcc/9-2019-q4-major/gcc/bin/../lib/gcc/arm-none-eabi/9.2.1/../../../../arm-none-eabi/lib/thumb/v6-m/nofp/libc_nano.a(lib_a-init.o)
__preinit_array_start                             /usr/local/Cellar/arm-none-eabi-gcc/9-2019-q4-major/gcc/bin/../lib/gcc/arm-none-eabi/9.2.1/../../../../arm-none-eabi/lib/thumb/v6-m/nofp/libc_nano.a(lib_a-init.o)
__register_frame_info                             /usr/local/Cellar/arm-none-eabi-gcc/9-2019-q4-major/gcc/bin/../lib/gcc/arm-none-eabi/9.2.1/thumb/v6-m/nofp/crtbegin.o
__sf_fake_stderr                                  /usr/local/Cellar/arm-none-eabi-gcc/9-2019-q4-major/gcc/bin/../lib/gcc/arm-none-eabi/9.2.1/../../../../arm-none-eabi/lib/thumb/v6-m/nofp/libc_nano.a(lib_a-impure.o)
__sf_fake_stdin                                   /usr/local/Cellar/arm-none-eabi-gcc/9-2019-q4-major/gcc/bin/../lib/gcc/arm-none-eabi/9.2.1/../../../../arm-none-eabi/lib/thumb/v6-m/nofp/libc_nano.a(lib_a-impure.o)
__sf_fake_stdout                                  /usr/local/Cellar/arm-none-eabi-gcc/9-2019-q4-major/gcc/bin/../lib/gcc/arm-none-eabi/9.2.1/../../../../arm-none-eabi/lib/thumb/v6-m/nofp/libc_nano.a(lib_a-impure.o)
__stack                                           /usr/local/Cellar/arm-none-eabi-gcc/9-2019-q4-major/gcc/bin/../lib/gcc/arm-none-eabi/9.2.1/../../../../arm-none-eabi/lib/thumb/v6-m/nofp/crt0.o
__udivsi3                                         /usr/local/Cellar/arm-none-eabi-gcc/9-2019-q4-major/gcc/bin/../lib/gcc/arm-none-eabi/9.2.1/thumb/v6-m/nofp/libgcc.a(_udivsi3.o)
_ebss                                             build/startup_stm32g030xx.o
_edata                                            build/startup_stm32g030xx.o
_estack                                           build/startup_stm32g030xx.o
_exit                                             /usr/local/Cellar/arm-none-eabi-gcc/9-2019-q4-major/gcc/bin/../lib/gcc/arm-none-eabi/9.2.1/../../../../arm-none-eabi/lib/thumb/v6-m/nofp/libnosys.a(_exit.o)
                                                  /usr/local/Cellar/arm-none-eabi-gcc/9-2019-q4-major/gcc/bin/../lib/gcc/arm-none-eabi/9.2.1/../../../../arm-none-eabi/lib/thumb/v6-m/nofp/libc_nano.a(lib_a-exit.o)
_fini                                             /usr/local/Cellar/arm-none-eabi-gcc/9-2019-q4-major/gcc/bin/../lib/gcc/arm-none-eabi/9.2.1/thumb/v6-m/nofp/crti.o
_global_impure_ptr                                /usr/local/Cellar/arm-none-eabi-gcc/9-2019-q4-major/gcc/bin/../lib/gcc/arm-none-eabi/9.2.1/../../../../arm-none-eabi/lib/thumb/v6-m/nofp/libc_nano.a(lib_a-impure.o)
                                                  /usr/local/Cellar/arm-none-eabi-gcc/9-2019-q4-major/gcc/bin/../lib/gcc/arm-none-eabi/9.2.1/../../../../arm-none-eabi/lib/thumb/v6-m/nofp/libc_nano.a(lib_a-exit.o)
_impure_ptr                                       /usr/local/Cellar/arm-none-eabi-gcc/9-2019-q4-major/gcc/bin/../lib/gcc/arm-none-eabi/9.2.1/../../../../arm-none-eabi/lib/thumb/v6-m/nofp/libc_nano.a(lib_a-impure.o)
_init                                             /usr/local/Cellar/arm-none-eabi-gcc/9-2019-q4-major/gcc/bin/../lib/gcc/arm-none-eabi/9.2.1/thumb/v6-m/nofp/crti.o
                                                  /usr/local/Cellar/arm-none-eabi-gcc/9-2019-q4-major/gcc/bin/../lib/gcc/arm-none-eabi/9.2.1/../../../../arm-none-eabi/lib/thumb/v6-m/nofp/libc_nano.a(lib_a-init.o)
_mainCRTStartup                                   /usr/local/Cellar/arm-none-eabi-gcc/9-2019-q4-major/gcc/bin/../lib/gcc/arm-none-eabi/9.2.1/../../../../arm-none-eabi/lib/thumb/v6-m/nofp/crt0.o
_sbss                                             build/startup_stm32g030xx.o
_sdata                                            build/startup_stm32g030xx.o
_sidata                                           build/startup_stm32g030xx.o
_start                                            /usr/local/Cellar/arm-none-eabi-gcc/9-2019-q4-major/gcc/bin/../lib/gcc/arm-none-eabi/9.2.1/../../../../arm-none-eabi/lib/thumb/v6-m/nofp/crt0.o
atexit                                            /usr/local/Cellar/arm-none-eabi-gcc/9-2019-q4-major/gcc/bin/../lib/gcc/arm-none-eabi/9.2.1/../../../../arm-none-eabi/lib/thumb/v6-m/nofp/crt0.o
display_8_bit_frame                               build/main.o
display_led                                       build/main.o
exit                                              /usr/local/Cellar/arm-none-eabi-gcc/9-2019-q4-major/gcc/bin/../lib/gcc/arm-none-eabi/9.2.1/../../../../arm-none-eabi/lib/thumb/v6-m/nofp/libc_nano.a(lib_a-exit.o)
                                                  /usr/local/Cellar/arm-none-eabi-gcc/9-2019-q4-major/gcc/bin/../lib/gcc/arm-none-eabi/9.2.1/../../../../arm-none-eabi/lib/thumb/v6-m/nofp/crt0.o
g_pfnVectors                                      build/startup_stm32g030xx.o
hardware_init_hook                                /usr/local/Cellar/arm-none-eabi-gcc/9-2019-q4-major/gcc/bin/../lib/gcc/arm-none-eabi/9.2.1/../../../../arm-none-eabi/lib/thumb/v6-m/nofp/crt0.o
hi                                                build/main.o
main                                              build/main.o
                                                  build/startup_stm32g030xx.o
                                                  /usr/local/Cellar/arm-none-eabi-gcc/9-2019-q4-major/gcc/bin/../lib/gcc/arm-none-eabi/9.2.1/../../../../arm-none-eabi/lib/thumb/v6-m/nofp/crt0.o
memset                                            /usr/local/Cellar/arm-none-eabi-gcc/9-2019-q4-major/gcc/bin/../lib/gcc/arm-none-eabi/9.2.1/../../../../arm-none-eabi/lib/thumb/v6-m/nofp/libc_nano.a(lib_a-memset.o)
                                                  build/main.o
                                                  /usr/local/Cellar/arm-none-eabi-gcc/9-2019-q4-major/gcc/bin/../lib/gcc/arm-none-eabi/9.2.1/../../../../arm-none-eabi/lib/thumb/v6-m/nofp/crt0.o
pFlash                                            build/stm32g0xx_hal_flash.o
                                                  build/stm32g0xx_hal_flash_ex.o
smile                                             build/main.o
software_init_hook                                /usr/local/Cellar/arm-none-eabi-gcc/9-2019-q4-major/gcc/bin/../lib/gcc/arm-none-eabi/9.2.1/../../../../arm-none-eabi/lib/thumb/v6-m/nofp/crt0.o
turn_off_display                                  build/main.o
uwTick                                            build/stm32g0xx_hal.o
uwTickFreq                                        build/stm32g0xx_hal.o
uwTickPrio                                        build/stm32g0xx_hal.o
                                                  build/stm32g0xx_hal_rcc.o
website_url                                       build/main.o
website_url2                                      build/main.o
